Archive member included to satisfy reference by file (symbol)

d:/coocox/gcc-arm-none-eabi-5_4-2016q3-20160926-win32/bin/../lib/gcc/arm-none-eabi/5.4.1/../../../../arm-none-eabi/lib/armv7e-m\libg.a(lib_a-sprintf.o)
                              ..\obj\command.o (sprintf)
d:/coocox/gcc-arm-none-eabi-5_4-2016q3-20160926-win32/bin/../lib/gcc/arm-none-eabi/5.4.1/../../../../arm-none-eabi/lib/armv7e-m\libg.a(lib_a-strchr.o)
                              ..\obj\command.o (strchr)
d:/coocox/gcc-arm-none-eabi-5_4-2016q3-20160926-win32/bin/../lib/gcc/arm-none-eabi/5.4.1/../../../../arm-none-eabi/lib/armv7e-m\libg.a(lib_a-strcmp.o)
                              ..\obj\smart_cpu.o (strcmp)
d:/coocox/gcc-arm-none-eabi-5_4-2016q3-20160926-win32/bin/../lib/gcc/arm-none-eabi/5.4.1/../../../../arm-none-eabi/lib/armv7e-m\libg.a(lib_a-strncpy.o)
                              ..\obj\command.o (strncpy)
d:/coocox/gcc-arm-none-eabi-5_4-2016q3-20160926-win32/bin/../lib/gcc/arm-none-eabi/5.4.1/../../../../arm-none-eabi/lib/armv7e-m\libg.a(lib_a-strstr.o)
                              ..\obj\command.o (strstr)
d:/coocox/gcc-arm-none-eabi-5_4-2016q3-20160926-win32/bin/../lib/gcc/arm-none-eabi/5.4.1/../../../../arm-none-eabi/lib/armv7e-m\libg.a(lib_a-svfprintf.o)
                              d:/coocox/gcc-arm-none-eabi-5_4-2016q3-20160926-win32/bin/../lib/gcc/arm-none-eabi/5.4.1/../../../../arm-none-eabi/lib/armv7e-m\libg.a(lib_a-sprintf.o) (_svfprintf_r)
d:/coocox/gcc-arm-none-eabi-5_4-2016q3-20160926-win32/bin/../lib/gcc/arm-none-eabi/5.4.1/../../../../arm-none-eabi/lib/armv7e-m\libg.a(lib_a-dtoa.o)
                              d:/coocox/gcc-arm-none-eabi-5_4-2016q3-20160926-win32/bin/../lib/gcc/arm-none-eabi/5.4.1/../../../../arm-none-eabi/lib/armv7e-m\libg.a(lib_a-svfprintf.o) (_dtoa_r)
d:/coocox/gcc-arm-none-eabi-5_4-2016q3-20160926-win32/bin/../lib/gcc/arm-none-eabi/5.4.1/../../../../arm-none-eabi/lib/armv7e-m\libg.a(lib_a-impure.o)
                              d:/coocox/gcc-arm-none-eabi-5_4-2016q3-20160926-win32/bin/../lib/gcc/arm-none-eabi/5.4.1/../../../../arm-none-eabi/lib/armv7e-m\libg.a(lib_a-sprintf.o) (_impure_ptr)
d:/coocox/gcc-arm-none-eabi-5_4-2016q3-20160926-win32/bin/../lib/gcc/arm-none-eabi/5.4.1/../../../../arm-none-eabi/lib/armv7e-m\libg.a(lib_a-localeconv.o)
                              d:/coocox/gcc-arm-none-eabi-5_4-2016q3-20160926-win32/bin/../lib/gcc/arm-none-eabi/5.4.1/../../../../arm-none-eabi/lib/armv7e-m\libg.a(lib_a-svfprintf.o) (_localeconv_r)
d:/coocox/gcc-arm-none-eabi-5_4-2016q3-20160926-win32/bin/../lib/gcc/arm-none-eabi/5.4.1/../../../../arm-none-eabi/lib/armv7e-m\libg.a(lib_a-mallocr.o)
                              d:/coocox/gcc-arm-none-eabi-5_4-2016q3-20160926-win32/bin/../lib/gcc/arm-none-eabi/5.4.1/../../../../arm-none-eabi/lib/armv7e-m\libg.a(lib_a-svfprintf.o) (_malloc_r)
d:/coocox/gcc-arm-none-eabi-5_4-2016q3-20160926-win32/bin/../lib/gcc/arm-none-eabi/5.4.1/../../../../arm-none-eabi/lib/armv7e-m\libg.a(lib_a-memchr.o)
                              d:/coocox/gcc-arm-none-eabi-5_4-2016q3-20160926-win32/bin/../lib/gcc/arm-none-eabi/5.4.1/../../../../arm-none-eabi/lib/armv7e-m\libg.a(lib_a-strstr.o) (memchr)
d:/coocox/gcc-arm-none-eabi-5_4-2016q3-20160926-win32/bin/../lib/gcc/arm-none-eabi/5.4.1/../../../../arm-none-eabi/lib/armv7e-m\libg.a(lib_a-memcmp.o)
                              d:/coocox/gcc-arm-none-eabi-5_4-2016q3-20160926-win32/bin/../lib/gcc/arm-none-eabi/5.4.1/../../../../arm-none-eabi/lib/armv7e-m\libg.a(lib_a-strstr.o) (memcmp)
d:/coocox/gcc-arm-none-eabi-5_4-2016q3-20160926-win32/bin/../lib/gcc/arm-none-eabi/5.4.1/../../../../arm-none-eabi/lib/armv7e-m\libg.a(lib_a-memcpy.o)
                              d:/coocox/gcc-arm-none-eabi-5_4-2016q3-20160926-win32/bin/../lib/gcc/arm-none-eabi/5.4.1/../../../../arm-none-eabi/lib/armv7e-m\libg.a(lib_a-dtoa.o) (memcpy)
d:/coocox/gcc-arm-none-eabi-5_4-2016q3-20160926-win32/bin/../lib/gcc/arm-none-eabi/5.4.1/../../../../arm-none-eabi/lib/armv7e-m\libg.a(lib_a-mlock.o)
                              d:/coocox/gcc-arm-none-eabi-5_4-2016q3-20160926-win32/bin/../lib/gcc/arm-none-eabi/5.4.1/../../../../arm-none-eabi/lib/armv7e-m\libg.a(lib_a-mallocr.o) (__malloc_lock)
d:/coocox/gcc-arm-none-eabi-5_4-2016q3-20160926-win32/bin/../lib/gcc/arm-none-eabi/5.4.1/../../../../arm-none-eabi/lib/armv7e-m\libg.a(lib_a-mprec.o)
                              d:/coocox/gcc-arm-none-eabi-5_4-2016q3-20160926-win32/bin/../lib/gcc/arm-none-eabi/5.4.1/../../../../arm-none-eabi/lib/armv7e-m\libg.a(lib_a-dtoa.o) (_Balloc)
d:/coocox/gcc-arm-none-eabi-5_4-2016q3-20160926-win32/bin/../lib/gcc/arm-none-eabi/5.4.1/../../../../arm-none-eabi/lib/armv7e-m\libg.a(lib_a-sbrkr.o)
                              d:/coocox/gcc-arm-none-eabi-5_4-2016q3-20160926-win32/bin/../lib/gcc/arm-none-eabi/5.4.1/../../../../arm-none-eabi/lib/armv7e-m\libg.a(lib_a-mallocr.o) (_sbrk_r)
[...]
Memory Configuration

Name             Origin             Length             Attributes
rom              0x08000000         0x00100000         xr
ram              0x20000000         0x00020000         xrw
ram1             0x10000000         0x00010000         xrw
*default*        0x00000000         0xffffffff

Linker script and memory map

                0x20020000                _eram = 0x20020000

.text           0x08000000     0x7a12
 *(.isr_vector)
 .isr_vector    0x08000000      0x188 ..\obj\startup_stm32f4xx.o
                0x08000000                g_pfnVectors
 *(.text*)
 .text.USB_OTG_EnableCommonInt
                0x08000188       0x44 ..\obj\usb_core.o
 .text.USB_OTG_CoreReset
                0x080001cc       0x90 ..\obj\usb_core.o
 .text.USB_OTG_WritePacket
                0x0800025c       0x74 ..\obj\usb_core.o
                0x0800025c                USB_OTG_WritePacket
 .text.USB_OTG_ReadPacket
                0x080002d0       0x58 ..\obj\usb_core.o
                0x080002d0                USB_OTG_ReadPacket
 .text.USB_OTG_SelectCore
                0x08000328      0x174 ..\obj\usb_core.o
                0x08000328                USB_OTG_SelectCore
 .text.USB_OTG_CoreInit
                0x0800049c      0x1d4 ..\obj\usb_core.o
                0x0800049c                USB_OTG_CoreInit
 .text.USB_OTG_EnableGlobalInt
                0x08000670       0x34 ..\obj\usb_core.o
                0x08000670                USB_OTG_EnableGlobalInt
 .text.USB_OTG_DisableGlobalInt
                0x080006a4       0x38 ..\obj\usb_core.o
                0x080006a4                USB_OTG_DisableGlobalInt
 .text.USB_OTG_FlushTxFifo
                0x080006dc       0x74 ..\obj\usb_core.o
                0x080006dc                USB_OTG_FlushTxFifo
 .text.USB_OTG_FlushRxFifo
                0x08000750       0x60 ..\obj\usb_core.o
                0x08000750                USB_OTG_FlushRxFifo
 .text.USB_OTG_SetCurrentMode
                0x080007b0       0x60 ..\obj\usb_core.o
                0x080007b0                USB_OTG_SetCurrentMode
 .text.USB_OTG_GetMode
                0x08000810       0x1c ..\obj\usb_core.o
                0x08000810                USB_OTG_GetMode
 .text.USB_OTG_IsDeviceMode
                0x0800082c       0x24 ..\obj\usb_core.o
                0x0800082c                USB_OTG_IsDeviceMode
 .text.USB_OTG_ReadCoreItr
                0x08000850       0x2c ..\obj\usb_core.o
                0x08000850                USB_OTG_ReadCoreItr
 .text.USB_OTG_InitDevSpeed
                0x0800087c       0x38 ..\obj\usb_core.o
                0x0800087c                USB_OTG_InitDevSpeed
 .text.USB_OTG_CoreInitDev
                0x080008b4      0x264 ..\obj\usb_core.o
                0x080008b4                USB_OTG_CoreInitDev
 .text.USB_OTG_EnableDevInt
                0x08000b18       0xa8 ..\obj\usb_core.o
                0x08000b18                USB_OTG_EnableDevInt
 .text.USB_OTG_GetDeviceSpeed
                0x08000bc0       0x48 ..\obj\usb_core.o
                0x08000bc0                USB_OTG_GetDeviceSpeed
 .text.USB_OTG_EP0Activate
                0x08000c08       0x74 ..\obj\usb_core.o
                0x08000c08                USB_OTG_EP0Activate
 .text.USB_OTG_EPActivate
                0x08000c7c       0xdc ..\obj\usb_core.o
                0x08000c7c                USB_OTG_EPActivate
 .text.USB_OTG_EPDeactivate
                0x08000d58       0x88 ..\obj\usb_core.o
                0x08000d58                USB_OTG_EPDeactivate
 .text.USB_OTG_EPStartXfer
                0x08000de0      0x280 ..\obj\usb_core.o
                0x08000de0                USB_OTG_EPStartXfer
 .text.USB_OTG_EP0StartXfer
                0x08001060      0x1d4 ..\obj\usb_core.o
                0x08001060                USB_OTG_EP0StartXfer
 .text.USB_OTG_EPSetStall
                0x08001234       0x84 ..\obj\usb_core.o
                0x08001234                USB_OTG_EPSetStall
 .text.USB_OTG_EPClearStall
                0x080012b8       0x74 ..\obj\usb_core.o
                0x080012b8                USB_OTG_EPClearStall
 .text.USB_OTG_ReadDevAllOutEp_itr
                0x0800132c       0x2c ..\obj\usb_core.o
                0x0800132c                USB_OTG_ReadDevAllOutEp_itr
 .text.USB_OTG_ReadDevOutEP_itr
                0x08001358       0x34 ..\obj\usb_core.o
                0x08001358                USB_OTG_ReadDevOutEP_itr
 .text.USB_OTG_ReadDevAllInEPItr
                0x0800138c       0x2c ..\obj\usb_core.o
                0x0800138c                USB_OTG_ReadDevAllInEPItr
 .text.USB_OTG_EP0_OutStart
                0x080013b8       0x70 ..\obj\usb_core.o
                0x080013b8                USB_OTG_EP0_OutStart
 .text.NVIC_SetPriority
                0x08001428       0x54 ..\obj\delay.o
 .text.SysTick_Config
                0x0800147c       0x44 ..\obj\delay.o
 .text.delay_init
                0x080014c0       0x28 ..\obj\delay.o
                0x080014c0                delay_init
 .text.delay    0x080014e8       0x28 ..\obj\delay.o
                0x080014e8                delay
 .text.SysTick_Handler
                0x08001510       0x1c ..\obj\delay.o
                0x08001510                SysTick_Handler
 .text.UB_USB_CDC_Init
                0x0800152c       0x38 ..\obj\stm32_ub_usb_cdc.o
                0x0800152c                UB_USB_CDC_Init
 .text.UB_USB_CDC_GetStatus
                0x08001564       0x14 ..\obj\stm32_ub_usb_cdc.o
                0x08001564                UB_USB_CDC_GetStatus
 .text.UB_USB_CDC_ReceiveString
                0x08001578       0x50 ..\obj\stm32_ub_usb_cdc.o
                0x08001578                UB_USB_CDC_ReceiveString
 .text.CLR_CPU_Pins
                0x080015c8       0x40 ..\obj\smart_cpu.o
                0x080015c8                CLR_CPU_Pins
 .text.Change_Test_Cpu
                0x08001608      0x2f8 ..\obj\smart_cpu.o
                0x08001608                Change_Test_Cpu
 .text.USBD_USR_Init
                0x08001900       0x18 ..\obj\usbd_usr.o
                0x08001900                USBD_USR_Init
 .text.USBD_USR_DeviceReset
                0x08001918       0x20 ..\obj\usbd_usr.o
                0x08001918                USBD_USR_DeviceReset
 .text.USBD_USR_DeviceConfigured
                0x08001938       0x18 ..\obj\usbd_usr.o
                0x08001938                USBD_USR_DeviceConfigured
 .text.USBD_USR_DeviceConnected
                0x08001950       0x18 ..\obj\usbd_usr.o
                0x08001950                USBD_USR_DeviceConnected
 .text.USBD_USR_DeviceDisconnected
                0x08001968       0x18 ..\obj\usbd_usr.o
                0x08001968                USBD_USR_DeviceDisconnected
 .text.USBD_USR_DeviceSuspended
                0x08001980       0x18 ..\obj\usbd_usr.o
                0x08001980                USBD_USR_DeviceSuspended
 .text.USBD_USR_DeviceResumed
                0x08001998       0x18 ..\obj\usbd_usr.o
                0x08001998                USBD_USR_DeviceResumed
 .text.NVIC_EnableIRQ
                0x080019b0       0x30 ..\obj\command.o
 .text.NVIC_DisableIRQ
                0x080019e0       0x34 ..\obj\command.o
 .text.clear_RXBuffer
                0x08001a14       0x44 ..\obj\command.o
                0x08001a14                clear_RXBuffer
 .text.INIT_All
                0x08001a58       0x40 ..\obj\command.o
                0x08001a58                INIT_All
 .text.FAKE_BlueTooth
                0x08001a98       0x44 ..\obj\command.o
                0x08001a98                FAKE_BlueTooth
 .text.INIT_Power_NI_or_Power_Summ_NI
                0x08001adc       0x48 ..\obj\command.o
                0x08001adc                INIT_Power_NI_or_Power_Summ_NI
 .text.INIT_Reboot_USB
                0x08001b24       0x44 ..\obj\command.o
                0x08001b24                INIT_Reboot_USB
 .text.INIT_Comparator_Pins
                0x08001b68       0x68 ..\obj\command.o
                0x08001b68                INIT_Comparator_Pins
 .text.INIT_Fuse_Test_Pins
                0x08001bd0       0x48 ..\obj\command.o
                0x08001bd0                INIT_Fuse_Test_Pins
 .text.INIT_Diode_Test_Pins
                0x08001c18       0x80 ..\obj\command.o
                0x08001c18                INIT_Diode_Test_Pins
 .text.INIT_Ringing_Pins
                0x08001c98       0x80 ..\obj\command.o
                0x08001c98                INIT_Ringing_Pins
 .text.INIT_CPU_Test_Pins
                0x08001d18       0xf4 ..\obj\command.o
                0x08001d18                INIT_CPU_Test_Pins
 .text.INIT_CPU_ETALON_TEST_Pins
                0x08001e0c       0x48 ..\obj\command.o
                0x08001e0c                INIT_CPU_ETALON_TEST_Pins
 .text.INIT_InputEtalonLed_Pins
                0x08001e54       0x6c ..\obj\command.o
                0x08001e54                INIT_InputEtalonLed_Pins
 .text.INIT_RELE_Test_Pins
                0x08001ec0       0xd8 ..\obj\command.o
                0x08001ec0                INIT_RELE_Test_Pins
 .text.Control_Rele_Pins_SET
                0x08001f98       0x1c ..\obj\command.o
                0x08001f98                Control_Rele_Pins_SET
 .text.INIT_LED_Test_Pins
                0x08001fb4       0x80 ..\obj\command.o
                0x08001fb4                INIT_LED_Test_Pins
 .text.BT05_INIT_Bluetooth
                0x08002034      0x11c ..\obj\command.o
                0x08002034                BT05_INIT_Bluetooth
 .text.BT05_Seach_Bluetooth
                0x08002150       0x9c ..\obj\command.o
                0x08002150                BT05_Seach_Bluetooth
 .text.FIND_LIGHT_LED
                0x080021ec      0x168 ..\obj\command.o
                0x080021ec                FIND_LIGHT_LED
 .text.INIT_Usart
                0x08002354       0xa8 ..\obj\command.o
                0x08002354                INIT_Usart
 .text.INIT_TIMER
                0x080023fc       0x44 ..\obj\command.o
                0x080023fc                INIT_TIMER
 .text.RUN_TIMER
                0x08002440       0x1c ..\obj\command.o
                0x08002440                RUN_TIMER
 .text.STOP_TIMER
                0x0800245c       0x1c ..\obj\command.o
                0x0800245c                STOP_TIMER
 .text.USART_Tx
                0x08002478       0x30 ..\obj\command.o
                0x08002478                USART_Tx
 .text.USART_Rx
                0x080024a8       0x84 ..\obj\command.o
                0x080024a8                USART_Rx
 .text.send_str
                0x0800252c       0x38 ..\obj\command.o
                0x0800252c                send_str
 .text.CLR_RELE_Pins
                0x08002564       0x3c ..\obj\smart_rele.o
                0x08002564                CLR_RELE_Pins
 .text.Change_Test_Rele
                0x080025a0      0x210 ..\obj\smart_rele.o
                0x080025a0                Change_Test_Rele
 .text.USART_Init
                0x080027b0      0x174 ..\obj\stm32f4xx_usart.o
                0x080027b0                USART_Init
 .text.USART_Cmd
                0x08002924       0x40 ..\obj\stm32f4xx_usart.o
                0x08002924                USART_Cmd
 .text.Default_Reset_Handler
                0x08002964       0x5c ..\obj\startup_stm32f4xx.o
                0x08002964                Default_Reset_Handler
                0x08002964                Reset_Handler
 .text.Default_Handler
                0x080029c0        0x8 ..\obj\startup_stm32f4xx.o
                0x080029c0                RTC_Alarm_IRQHandler
                0x080029c0                HASH_RNG_IRQHandler
                0x080029c0                EXTI2_IRQHandler
                0x080029c0                TIM8_CC_IRQHandler
                0x080029c0                DebugMon_Handler
                0x080029c0                TIM1_CC_IRQHandler
                0x080029c0                DMA2_Stream5_IRQHandler
                0x080029c0                HardFault_Handler
                0x080029c0                DMA1_Stream5_IRQHandler
                0x080029c0                PVD_IRQHandler
                0x080029c0                SDIO_IRQHandler
                0x080029c0                TAMP_STAMP_IRQHandler
                0x080029c0                PendSV_Handler
                0x080029c0                NMI_Handler
                0x080029c0                CAN2_RX1_IRQHandler
                0x080029c0                EXTI3_IRQHandler
                0x080029c0                TIM8_TRG_COM_TIM14_IRQHandler
                0x080029c0                TIM1_UP_TIM10_IRQHandler
                0x080029c0                TIM8_UP_TIM13_IRQHandler
                0x080029c0                I2C3_ER_IRQHandler
                0x080029c0                EXTI0_IRQHandler
                0x080029c0                I2C2_EV_IRQHandler
                0x080029c0                DMA1_Stream2_IRQHandler
                0x080029c0                CAN1_RX0_IRQHandler
                0x080029c0                FPU_IRQHandler
                0x080029c0                OTG_HS_WKUP_IRQHandler
                0x080029c0                UsageFault_Handler
                0x080029c0                CAN2_SCE_IRQHandler
                0x080029c0                DMA2_Stream2_IRQHandler
                0x080029c0                SPI1_IRQHandler
                0x080029c0                TIM1_BRK_TIM9_IRQHandler
                0x080029c0                DCMI_IRQHandler
                0x080029c0                CAN2_RX0_IRQHandler
                0x080029c0                DMA2_Stream3_IRQHandler
                0x080029c0                USART6_IRQHandler
                0x080029c0                USART3_IRQHandler
                0x080029c0                CRYP_IRQHandler
                0x080029c0                CAN1_RX1_IRQHandler
                0x080029c0                UART5_IRQHandler
                0x080029c0                DMA2_Stream0_IRQHandler
                0x080029c0                TIM4_IRQHandler
                0x080029c0                I2C1_EV_IRQHandler
                0x080029c0                DMA1_Stream6_IRQHandler
                0x080029c0                DMA1_Stream1_IRQHandler
                0x080029c0                UART4_IRQHandler
                0x080029c0                TIM3_IRQHandler
                0x080029c0                RCC_IRQHandler
                0x080029c0                TIM8_BRK_TIM12_IRQHandler
                0x080029c0                EXTI15_10_IRQHandler
                0x080029c0                ADC_IRQHandler
                0x080029c0                DMA1_Stream7_IRQHandler
                0x080029c0                TIM7_IRQHandler
                0x080029c0                CAN2_TX_IRQHandler
                0x080029c0                TIM5_IRQHandler
                0x080029c0                DMA2_Stream7_IRQHandler
                0x080029c0                I2C3_EV_IRQHandler
                0x080029c0                EXTI9_5_IRQHandler
                0x080029c0                RTC_WKUP_IRQHandler
                0x080029c0                ETH_WKUP_IRQHandler
                0x080029c0                SPI2_IRQHandler
                0x080029c0                OTG_HS_EP1_IN_IRQHandler
                0x080029c0                MemManage_Handler
                0x080029c0                DMA1_Stream0_IRQHandler
                0x080029c0                CAN1_TX_IRQHandler
                0x080029c0                SVC_Handler
                0x080029c0                EXTI4_IRQHandler
                0x080029c0                FSMC_IRQHandler
                0x080029c0                ETH_IRQHandler
                0x080029c0                OTG_HS_EP1_OUT_IRQHandler
                0x080029c0                WWDG_IRQHandler
                0x080029c0                TIM2_IRQHandler
                0x080029c0                OTG_FS_WKUP_IRQHandler
                0x080029c0                TIM1_TRG_COM_TIM11_IRQHandler
                0x080029c0                OTG_HS_IRQHandler
                0x080029c0                EXTI1_IRQHandler
                0x080029c0                USART2_IRQHandler
                0x080029c0                I2C2_ER_IRQHandler
                0x080029c0                DMA2_Stream1_IRQHandler
                0x080029c0                CAN1_SCE_IRQHandler
                0x080029c0                FLASH_IRQHandler
                0x080029c0                DMA2_Stream4_IRQHandler
                0x080029c0                BusFault_Handler
                0x080029c0                USART1_IRQHandler
                0x080029c0                SPI3_IRQHandler
                0x080029c0                DMA1_Stream4_IRQHandler
                0x080029c0                I2C1_ER_IRQHandler
                0x080029c0                DMA2_Stream6_IRQHandler
                0x080029c0                DMA1_Stream3_IRQHandler
 .text.USBD_Init
                0x080029c8       0x58 ..\obj\usbd_core.o
                0x080029c8                USBD_Init
 .text.USBD_DeInit
                0x08002a20       0x14 ..\obj\usbd_core.o
                0x08002a20                USBD_DeInit
 .text.USBD_SetupStage
                0x08002a34       0x6c ..\obj\usbd_core.o
 .text.USBD_DataOutStage
                0x08002aa0       0xcc ..\obj\usbd_core.o
 .text.USBD_DataInStage
                0x08002b6c      0x104 ..\obj\usbd_core.o
 .text.USBD_Reset
                0x08002c70       0x44 ..\obj\usbd_core.o
 .text.USBD_Resume
                0x08002cb4       0x24 ..\obj\usbd_core.o
 .text.USBD_Suspend
                0x08002cd8       0x24 ..\obj\usbd_core.o
 .text.USBD_SOF
                0x08002cfc       0x2c ..\obj\usbd_core.o
 .text.USBD_SetCfg
                0x08002d28       0x30 ..\obj\usbd_core.o
                0x08002d28                USBD_SetCfg
 .text.USBD_ClrCfg
                0x08002d58       0x28 ..\obj\usbd_core.o
                0x08002d58                USBD_ClrCfg
 .text.USBD_IsoINIncomplete
                0x08002d80       0x20 ..\obj\usbd_core.o
 .text.USBD_IsoOUTIncomplete
                0x08002da0       0x20 ..\obj\usbd_core.o
 .text.USBD_DevConnected
                0x08002dc0       0x1c ..\obj\usbd_core.o
 .text.USBD_DevDisconnected
                0x08002ddc       0x2c ..\obj\usbd_core.o
 .text.TIM6_DAC_IRQHandler
                0x08002e08       0x34 ..\obj\main.o
                0x08002e08                TIM6_DAC_IRQHandler
 .text.main     0x08002e3c      0x830 ..\obj\main.o
                0x08002e3c                main
 .text.CLR_BIZ_Pins
                0x0800366c       0x50 ..\obj\smart_biz.o
                0x0800366c                CLR_BIZ_Pins
 .text.Change_Test_Biz
                0x080036bc      0x528 ..\obj\smart_biz.o
                0x080036bc                Change_Test_Biz
 .text.RCC_GetClocksFreq
                0x08003be4      0x154 ..\obj\stm32f4xx_rcc.o
                0x08003be4                RCC_GetClocksFreq
 .text.RCC_AHB1PeriphClockCmd
                0x08003d38       0x3c ..\obj\stm32f4xx_rcc.o
                0x08003d38                RCC_AHB1PeriphClockCmd
 .text.RCC_AHB2PeriphClockCmd
                0x08003d74       0x3c ..\obj\stm32f4xx_rcc.o
                0x08003d74                RCC_AHB2PeriphClockCmd
 .text.RCC_APB1PeriphClockCmd
                0x08003db0       0x3c ..\obj\stm32f4xx_rcc.o
                0x08003db0                RCC_APB1PeriphClockCmd
 .text.RCC_APB2PeriphClockCmd
                0x08003dec       0x3c ..\obj\stm32f4xx_rcc.o
                0x08003dec                RCC_APB2PeriphClockCmd
 .text.RCC_APB1PeriphResetCmd
                0x08003e28       0x3c ..\obj\stm32f4xx_rcc.o
                0x08003e28                RCC_APB1PeriphResetCmd
 .text.CLR_LED_Pins
                0x08003e64       0x1c ..\obj\smart_led.o
                0x08003e64                CLR_LED_Pins
 .text.Change_Test_Led
                0x08003e80       0x90 ..\obj\smart_led.o
                0x08003e80                Change_Test_Led
 .text.USBD_USR_DeviceDescriptor
                0x08003f10       0x24 ..\obj\usbd_desc.o
                0x08003f10                USBD_USR_DeviceDescriptor
 .text.USBD_USR_LangIDStrDescriptor
                0x08003f34       0x24 ..\obj\usbd_desc.o
                0x08003f34                USBD_USR_LangIDStrDescriptor
 .text.USBD_USR_ProductStrDescriptor
                0x08003f58       0x28 ..\obj\usbd_desc.o
                0x08003f58                USBD_USR_ProductStrDescriptor
 .text.USBD_USR_ManufacturerStrDescriptor
                0x08003f80       0x28 ..\obj\usbd_desc.o
                0x08003f80                USBD_USR_ManufacturerStrDescriptor
 .text.USBD_USR_SerialStrDescriptor
                0x08003fa8       0x28 ..\obj\usbd_desc.o
                0x08003fa8                USBD_USR_SerialStrDescriptor
 .text.USBD_USR_ConfigStrDescriptor
                0x08003fd0       0x28 ..\obj\usbd_desc.o
                0x08003fd0                USBD_USR_ConfigStrDescriptor
 .text.USBD_USR_InterfaceStrDescriptor
                0x08003ff8       0x28 ..\obj\usbd_desc.o
                0x08003ff8                USBD_USR_InterfaceStrDescriptor
 .text.GPIO_Init
                0x08004020      0x11c ..\obj\stm32f4xx_gpio.o
                0x08004020                GPIO_Init
 .text.GPIO_PinAFConfig
                0x0800413c       0x90 ..\obj\stm32f4xx_gpio.o
                0x0800413c                GPIO_PinAFConfig
 .text.VCP_Init
                0x080041cc       0x2c ..\obj\usbd_cdc_vcp.o
 .text.VCP_DeInit
                0x080041f8       0x10 ..\obj\usbd_cdc_vcp.o
 .text.VCP_Ctrl
                0x08004208      0x158 ..\obj\usbd_cdc_vcp.o
 .text.VCP_DataTx
                0x08004360       0x60 ..\obj\usbd_cdc_vcp.o
 .text.VCP_DataRx
                0x080043c0       0x80 ..\obj\usbd_cdc_vcp.o
 .text.UB_VCP_StringRx
                0x08004440       0xa8 ..\obj\usbd_cdc_vcp.o
                0x08004440                UB_VCP_StringRx
 .text.VCP_put_char_new
                0x080044e8       0x1c ..\obj\usbd_cdc_vcp.o
                0x080044e8                VCP_put_char_new
 .text.VCP_send_buffer_new
                0x08004504       0x1c ..\obj\usbd_cdc_vcp.o
                0x08004504                VCP_send_buffer_new
 .text.SystemInit
                0x08004520       0x5c ..\obj\system_stm32f4xx.o
                0x08004520                SystemInit
 .text.SystemCoreClockUpdate
                0x0800457c       0xf8 ..\obj\system_stm32f4xx.o
                0x0800457c                SystemCoreClockUpdate
 .text.SetSysClock
                0x08004674       0xf4 ..\obj\system_stm32f4xx.o
 .text.USB_OTG_BSP_Init
                0x08004768       0xa0 ..\obj\usb_bsp.o
                0x08004768                USB_OTG_BSP_Init
 .text.USB_OTG_BSP_EnableInterrupt
                0x08004808       0x34 ..\obj\usb_bsp.o
                0x08004808                USB_OTG_BSP_EnableInterrupt
 .text.USB_OTG_BSP_uDelay
                0x0800483c       0x48 ..\obj\usb_bsp.o
                0x0800483c                USB_OTG_BSP_uDelay
 .text.USB_OTG_BSP_mDelay
                0x08004884       0x20 ..\obj\usb_bsp.o
                0x08004884                USB_OTG_BSP_mDelay
 .text.OTG_FS_IRQHandler
                0x080048a4       0x14 ..\obj\usb_bsp.o
                0x080048a4                OTG_FS_IRQHandler
 .text.USBD_StdDevReq
                0x080048b8       0xa0 ..\obj\usbd_req.o
                0x080048b8                USBD_StdDevReq
 .text.USBD_StdItfReq
                0x08004958       0x68 ..\obj\usbd_req.o
                0x08004958                USBD_StdItfReq
 .text.USBD_StdEPReq
                0x080049c0      0x1b0 ..\obj\usbd_req.o
                0x080049c0                USBD_StdEPReq
 .text.USBD_GetDescriptor
                0x08004b70      0x1a8 ..\obj\usbd_req.o
 .text.USBD_SetAddress
                0x08004d18       0x7c ..\obj\usbd_req.o
 .text.USBD_SetConfig
                0x08004d94       0xf4 ..\obj\usbd_req.o
 .text.USBD_GetConfig
                0x08004e88       0x60 ..\obj\usbd_req.o
 .text.USBD_GetStatus
                0x08004ee8       0x50 ..\obj\usbd_req.o
 .text.USBD_SetFeature
                0x08004f38       0xd0 ..\obj\usbd_req.o
 .text.USBD_ClrFeature
                0x08005008       0x50 ..\obj\usbd_req.o
 .text.USBD_ParseSetupRequest
                0x08005058       0x90 ..\obj\usbd_req.o
                0x08005058                USBD_ParseSetupRequest
 .text.USBD_CtlError
                0x080050e8       0x48 ..\obj\usbd_req.o
                0x080050e8                USBD_CtlError
 .text.USBD_GetString
                0x08005130       0x88 ..\obj\usbd_req.o
                0x08005130                USBD_GetString
 .text.USBD_GetLen
                0x080051b8       0x30 ..\obj\usbd_req.o
 .text.USBD_OTG_ISR_Handler
                0x080051e8      0x190 ..\obj\usb_dcd_int.o
                0x080051e8                USBD_OTG_ISR_Handler
 .text.DCD_SessionRequest_ISR
                0x08005378       0x34 ..\obj\usb_dcd_int.o
 .text.DCD_OTG_ISR
                0x080053ac       0x3c ..\obj\usb_dcd_int.o
 .text.DCD_HandleResume_ISR
                0x080053e8       0x80 ..\obj\usb_dcd_int.o
 .text.DCD_HandleUSBSuspend_ISR
                0x08005468       0x9c ..\obj\usb_dcd_int.o
 .text.DCD_HandleInEP_ISR
                0x08005504      0x1ec ..\obj\usb_dcd_int.o
 .text.DCD_HandleOutEP_ISR
                0x080056f0      0x178 ..\obj\usb_dcd_int.o
 .text.DCD_HandleSof_ISR
                0x08005868       0x34 ..\obj\usb_dcd_int.o
 .text.DCD_HandleRxStatusQueueLevel_ISR
                0x0800589c      0x104 ..\obj\usb_dcd_int.o
 .text.DCD_WriteEmptyTxFifo
                0x080059a0      0x110 ..\obj\usb_dcd_int.o
 .text.DCD_HandleUsbReset_ISR
                0x08005ab0      0x138 ..\obj\usb_dcd_int.o
 .text.DCD_HandleEnumDone_ISR
                0x08005be8       0x78 ..\obj\usb_dcd_int.o
 .text.DCD_IsoINIncomplete_ISR
                0x08005c60       0x34 ..\obj\usb_dcd_int.o
 .text.DCD_IsoOUTIncomplete_ISR
                0x08005c94       0x34 ..\obj\usb_dcd_int.o
 .text.DCD_ReadDevInEP
                0x08005cc8       0x50 ..\obj\usb_dcd_int.o
 .text.usbd_cdc_Init
                0x08005d18       0x84 ..\obj\usbd_cdc_core.o
 .text.usbd_cdc_DeInit
                0x08005d9c       0x38 ..\obj\usbd_cdc_core.o
 .text.usbd_cdc_Setup
                0x08005dd4      0x120 ..\obj\usbd_cdc_core.o
 .text.usbd_cdc_EP0_RxReady
                0x08005ef4       0x40 ..\obj\usbd_cdc_core.o
 .text.usbd_cdc_DataIn
                0x08005f34       0xc4 ..\obj\usbd_cdc_core.o
 .text.usbd_cdc_DataOut
                0x08005ff8       0x54 ..\obj\usbd_cdc_core.o
 .text.usbd_cdc_SOF
                0x0800604c       0x30 ..\obj\usbd_cdc_core.o
 .text.Handle_USBAsynchXfer
                0x0800607c      0x104 ..\obj\usbd_cdc_core.o
 .text.USBD_cdc_GetCfgDesc
                0x08006180       0x24 ..\obj\usbd_cdc_core.o
 .text.NVIC_PriorityGroupConfig
                0x080061a4       0x24 ..\obj\misc.o
                0x080061a4                NVIC_PriorityGroupConfig
 .text.NVIC_Init
                0x080061c8       0xc0 ..\obj\misc.o
                0x080061c8                NVIC_Init
 .text.DCD_Init
                0x08006288      0x104 ..\obj\usb_dcd.o
                0x08006288                DCD_Init
 .text.DCD_EP_Open
                0x0800638c       0xac ..\obj\usb_dcd.o
                0x0800638c                DCD_EP_Open
 .text.DCD_EP_Close
                0x08006438       0x74 ..\obj\usb_dcd.o
                0x08006438                DCD_EP_Close
 .text.DCD_EP_PrepareRx
                0x080064ac       0x84 ..\obj\usb_dcd.o
                0x080064ac                DCD_EP_PrepareRx
 .text.DCD_EP_Tx
                0x08006530       0x78 ..\obj\usb_dcd.o
                0x08006530                DCD_EP_Tx
 .text.DCD_EP_Stall
                0x080065a8       0x78 ..\obj\usb_dcd.o
                0x080065a8                DCD_EP_Stall
 .text.DCD_EP_ClrStall
                0x08006620       0x78 ..\obj\usb_dcd.o
                0x08006620                DCD_EP_ClrStall
 .text.DCD_EP_SetAddress
                0x08006698       0x3c ..\obj\usb_dcd.o
                0x08006698                DCD_EP_SetAddress
 .text.USBD_CtlSendData
                0x080066d4       0x40 ..\obj\usbd_ioreq.o
                0x080066d4                USBD_CtlSendData
 .text.USBD_CtlContinueSendData
                0x08006714       0x28 ..\obj\usbd_ioreq.o
                0x08006714                USBD_CtlContinueSendData
 .text.USBD_CtlPrepareRx
                0x0800673c       0x40 ..\obj\usbd_ioreq.o
                0x0800673c                USBD_CtlPrepareRx
 .text.USBD_CtlContinueRx
                0x0800677c       0x28 ..\obj\usbd_ioreq.o
                0x0800677c                USBD_CtlContinueRx
 .text.USBD_CtlSendStatus
                0x080067a4       0x30 ..\obj\usbd_ioreq.o
                0x080067a4                USBD_CtlSendStatus
 .text.USBD_CtlReceiveStatus
                0x080067d4       0x30 ..\obj\usbd_ioreq.o
                0x080067d4                USBD_CtlReceiveStatus
 .text.TIM_TimeBaseInit
                0x08006804       0xd4 ..\obj\stm32f4xx_tim.o
                0x08006804                TIM_TimeBaseInit
 .text.TIM_TimeBaseStructInit
                0x080068d8       0x34 ..\obj\stm32f4xx_tim.o
                0x080068d8                TIM_TimeBaseStructInit
 .text.TIM_Cmd  0x0800690c       0x40 ..\obj\stm32f4xx_tim.o
                0x0800690c                TIM_Cmd
 .text.TIM_ITConfig
                0x0800694c       0x48 ..\obj\stm32f4xx_tim.o
                0x0800694c                TIM_ITConfig
 .text.TIM_GetITStatus
                0x08006994       0x54 ..\obj\stm32f4xx_tim.o
                0x08006994                TIM_GetITStatus
 .text.TIM_ClearITPendingBit
                0x080069e8       0x20 ..\obj\stm32f4xx_tim.o
                0x080069e8                TIM_ClearITPendingBit
 .text.strchr   0x08006a08       0xd0 d:/coocox/gcc-arm-none-eabi-5_4-2016q3-20160926-win32/bin/../lib/gcc/arm-none-eabi/5.4.1/../../../../arm-none-eabi/lib/armv7e-m\libg.a(lib_a-strchr.o)
                0x08006a08                strchr
 *fill*         0x08006ad8        0x8 
 .text          0x08006ae0      0x2dc d:/coocox/gcc-arm-none-eabi-5_4-2016q3-20160926-win32/bin/../lib/gcc/arm-none-eabi/5.4.1/../../../../arm-none-eabi/lib/armv7e-m\libg.a(lib_a-strcmp.o)
                0x08006ae8                strcmp
 .text.critical_factorization
                0x08006dbc       0xb8 d:/coocox/gcc-arm-none-eabi-5_4-2016q3-20160926-win32/bin/../lib/gcc/arm-none-eabi/5.4.1/../../../../arm-none-eabi/lib/armv7e-m\libg.a(lib_a-strstr.o)
 .text.two_way_long_needle
                0x08006e74      0x200 d:/coocox/gcc-arm-none-eabi-5_4-2016q3-20160926-win32/bin/../lib/gcc/arm-none-eabi/5.4.1/../../../../arm-none-eabi/lib/armv7e-m\libg.a(lib_a-strstr.o)
 .text.strstr   0x08007074      0x220 d:/coocox/gcc-arm-none-eabi-5_4-2016q3-20160926-win32/bin/../lib/gcc/arm-none-eabi/5.4.1/../../../../arm-none-eabi/lib/armv7e-m\libg.a(lib_a-strstr.o)
                0x08007074                strstr
 *fill*         0x08007294        0xc 
 .text          0x080072a0       0xa0 d:/coocox/gcc-arm-none-eabi-5_4-2016q3-20160926-win32/bin/../lib/gcc/arm-none-eabi/5.4.1/../../../../arm-none-eabi/lib/armv7e-m\libg.a(lib_a-memchr.o)
                0x080072a0                memchr
 .text.memcmp   0x08007340       0x64 d:/coocox/gcc-arm-none-eabi-5_4-2016q3-20160926-win32/bin/../lib/gcc/arm-none-eabi/5.4.1/../../../../arm-none-eabi/lib/armv7e-m\libg.a(lib_a-memcmp.o)
                0x08007340                memcmp
 *(.init)
 *(.fini)
 *crtbegin.o(.ctors)
 *crtbegin?.o(.ctors)
 *(EXCLUDE_FILE(*crtend.o *crtend?.o) .ctors)
 *(SORT(.ctors.*))
 *(.ctors)
 *crtbegin.o(.dtors)
 *crtbegin?.o(.dtors)
 *(EXCLUDE_FILE(*crtend.o *crtend?.o) .dtors)
 *(SORT(.dtors.*))
 *(.dtors)
 *(.rodata*)
 .rodata        0x080073a4       0xc3 ..\obj\smart_cpu.o
 *fill*         0x08007467        0x1 
 .rodata        0x08007468       0xd3 ..\obj\command.o
                0x08007468                string1
                0x08007474                string3
 *fill*         0x0800753b        0x1 
 .rodata        0x0800753c       0x83 ..\obj\smart_rele.o
 *fill*         0x080075bf        0x1 
 .rodata        0x080075c0      0x1e9 ..\obj\main.o
 *fill*         0x080077a9        0x3 
 .rodata        0x080077ac      0x202 ..\obj\smart_biz.o
 *fill*         0x080079ae        0x2 
 .rodata        0x080079b0       0x2f ..\obj\smart_led.o
 *fill*         0x080079df        0x1 
 .rodata        0x080079e0       0x32 ..\obj\usbd_desc.o
 *(.eh_fram e*)

.glue_7         0x08007a14        0x0
 .glue_7        0x08007a14        0x0 linker stubs

.glue_7t        0x08007a14        0x0
 .glue_7t       0x08007a14        0x0 linker stubs

.vfp11_veneer   0x08007a14        0x0
 .vfp11_veneer  0x08007a14        0x0 linker stubs

.v4_bx          0x08007a14        0x0
 .v4_bx         0x08007a14        0x0 linker stubs

.iplt           0x08007a14        0x0
 .iplt          0x08007a14        0x0 ..\obj\usb_core.o

.rel.dyn        0x08007a14        0x0
 .rel.iplt      0x08007a14        0x0 ..\obj\usb_core.o

.ARM.extab
 *(.ARM.extab* .gnu.linkonce.armextab.*)
                0x08007a14                __exidx_start = .

.ARM.exidx
 *(.ARM.exidx* .gnu.linkonce.armexidx.*)
                0x08007a14                __exidx_end = .
                0x08007a14                __etext = .
                0x08007a12                _sidata = __etext

.data           0x20000000      0x140 load address 0x08007a12
                0x20000000                __data_start__ = .
                0x20000000                _sdata = __data_start__
 *(vtable)
 *(.data*)
 .data          0x20000000       0x1c ..\obj\usbd_usr.o
                0x20000000                USR_cb
 .data          0x2000001c       0x30 ..\obj\usbd_core.o
                0x2000001c                USBD_DCD_INT_cb
                0x20000048                USBD_DCD_INT_fops
 .data          0x2000004c       0x10 ..\obj\stm32f4xx_rcc.o
 .data          0x2000005c       0x40 ..\obj\usbd_desc.o
                0x2000005c                USR_desc
                0x20000078                USBD_DeviceDesc
                0x2000008c                USBD_DeviceQualifierDesc
                0x20000098                USBD_LangIDDesc
 .data          0x2000009c       0x1c ..\obj\usbd_cdc_vcp.o
                0x2000009c                linecoding
                0x200000a4                VCP_fops
 .data          0x200000b8       0x14 ..\obj\system_stm32f4xx.o
                0x200000b8                SystemCoreClock
                0x200000bc                AHBPrescTable
 .data          0x200000cc       0x74 ..\obj\usbd_cdc_core.o
                0x200000cc                usbd_cdc_CfgDesc
                0x20000114                USBD_CDC_cb
                0x20000140                . = ALIGN (0x4)
                [!provide]                PROVIDE (__preinit_array_start, .)
 *(.preinit_array)
                [!provide]                PROVIDE (__preinit_array_end, .)
                0x20000140                . = ALIGN (0x4)
                [!provide]                PROVIDE (__init_array_start, .)
 *(SORT(.init_array.*))
 *(.init_array)
                [!provide]                PROVIDE (__init_array_end, .)
                0x20000140                . = ALIGN (0x4)
                [!provide]                PROVIDE (__fini_array_start, .)
 *(SORT(.fini_array.*))
 *(.fini_array)
                [!provide]                PROVIDE (__fini_array_end, .)
 *(.jcr*)
                0x20000140                . = ALIGN (0x4)
                0x20000140                __data_end__ = .
                0x20000140                _edata = __data_end__

.igot.plt       0x20000140        0x0 load address 0x08007b54
 .igot.plt      0x20000140        0x0 ..\obj\usb_core.o

.bss            0x20000140     0x1748 load address 0x08007b54
                0x20000140                . = ALIGN (0x4)
                0x20000140                __bss_start__ = .
                0x20000140                _sbss = __bss_start__
 *(.bss*)
 .bss           0x20000140       0x54 ..\obj\command.o
                0x20000140                RX_BUF
                0x20000190                tail
                0x20000191                imass
                0x20000192                num_mass
                0x20000193                num_device
 .bss           0x20000194        0xd ..\obj\usbd_req.o
                0x20000194                USBD_ep_status
                0x20000198                USBD_default_cfg
                0x2000019c                USBD_cfg_status
 *fill*         0x200001a1        0x3 
 .bss           0x200001a4       0x1c ..\obj\usbd_cdc_core.o
                0x200001a8                APP_Rx_ptr_in
                0x200001ac                APP_Rx_ptr_out
                0x200001b0                APP_Rx_length
                0x200001b4                USB_Tx_State
 *(COMMON)
 COMMON         0x200001c0        0x4 ..\obj\delay.o
                0x200001c0                msTick
 COMMON         0x200001c4      0x5f4 ..\obj\stm32_ub_usb_cdc.o
                0x200001c4                USB_CDC_STATUS
                0x200001c8                USB_OTG_dev
 COMMON         0x200007b8      0x431 ..\obj\smart_cpu.o
                0x200007b8                buffer_command
                0x200007e0                check
                0x200007e4                buf_Rx
                0x200009e4                time
                0x200009e8                buf
                0x20000be8                pnt
 *fill*         0x20000be9        0x3 
 COMMON         0x20000bec      0x1d0 ..\obj\command.o
                0x20000bec                string_out
                0x20000c14                string2
                0x20000c28                RXc
                0x20000c29                RXi
                0x20000c2c                mass
 COMMON         0x20000dbc      0x20c ..\obj\usbd_cdc_vcp.o
                0x20000dbc                APP_tx_end_cmd
                0x20000dc0                APP_Tx_Buffer
                0x20000fc0                APP_tx_ptr_tail
                0x20000fc4                APP_tx_ptr_head
 COMMON         0x20000fc8       0x32 ..\obj\usbd_req.o
                0x20000fc8                USBD_StrDesc
 *fill*         0x20000ffa        0x2 
 COMMON         0x20000ffc      0x88b ..\obj\usbd_cdc_core.o
                0x20000ffc                usbd_cdc_OtherCfgDesc
                0x20001040                USB_Rx_Buffer
                0x20001080                CmdBuff
                0x20001088                APP_Rx_Buffer
                0x20001888                . = ALIGN (0x4)
 *fill*         0x20001887        0x1 
                0x20001888                __bss_end__ = .
                0x20001888                _ebss = __bss_end__

.heap           0x20001888        0x0
                0x20001888                __end__ = .
                0x20001888                _end = __end__
                0x20001888                end = __end__
 *(.heap*)
                0x20001888                __HeapLimit = .

.co_stack       0x20001888      0x800 load address 0x0800929c
                0x20001888                . = ALIGN (0x8)
 *(.co_stack .co_stack.*)
 .co_stack      0x20001888      0x800 ..\obj\startup_stm32f4xx.o
                0x20001888                pulStack
                0x20020000                __StackTop = (ORIGIN (ram) + LENGTH (ram))
                0x2001f800                __StackLimit = (__StackTop - SIZEOF (.co_stack))
                [!provide]                PROVIDE (__stack, __StackTop)
                0x00000001                ASSERT ((__StackLimit >= __HeapLimit), region ram  overflowed with stack)
LOAD ..\obj\usb_core.o
LOAD ..\obj\delay.o
LOAD ..\obj\stm32_ub_usb_cdc.o
LOAD ..\obj\smart_cpu.o
LOAD ..\obj\usbd_usr.o
LOAD ..\obj\command.o
LOAD ..\obj\smart_rele.o
LOAD ..\obj\stm32f4xx_usart.o
LOAD ..\obj\startup_stm32f4xx.o
LOAD ..\obj\usbd_core.o
LOAD ..\obj\main.o
LOAD ..\obj\smart_biz.o
LOAD ..\obj\stm32f4xx_rcc.o
LOAD ..\obj\smart_led.o
LOAD ..\obj\smart_oled.o
LOAD ..\obj\usbd_desc.o
LOAD ..\obj\stm32f4xx_gpio.o
LOAD ..\obj\usbd_cdc_vcp.o
LOAD ..\obj\system_stm32f4xx.o
LOAD ..\obj\syscalls.o
LOAD ..\obj\usb_bsp.o
LOAD ..\obj\usbd_req.o
LOAD ..\obj\usb_dcd_int.o
LOAD ..\obj\usbd_cdc_core.o
LOAD ..\obj\smart_wrele.o
LOAD ..\obj\misc.o
LOAD ..\obj\usb_dcd.o
LOAD ..\obj\usbd_ioreq.o
LOAD ..\obj\stm32f4xx_tim.o
START GROUP
LOAD d:/coocox/gcc-arm-none-eabi-5_4-2016q3-20160926-win32/bin/../lib/gcc/arm-none-eabi/5.4.1/armv7e-m\libgcc.a
LOAD d:/coocox/gcc-arm-none-eabi-5_4-2016q3-20160926-win32/bin/../lib/gcc/arm-none-eabi/5.4.1/../../../../arm-none-eabi/lib/armv7e-m\libg.a
LOAD d:/coocox/gcc-arm-none-eabi-5_4-2016q3-20160926-win32/bin/../lib/gcc/arm-none-eabi/5.4.1/../../../../arm-none-eabi/lib/armv7e-m\libc.a
END GROUP
OUTPUT(ERIS_STAND_DOUBLE.elf elf32-littlearm)

.debug_info     0x00000000    0x12286
 .debug_info    0x00000000     0x2511 ..\obj\usb_core.o
 .debug_info    0x00002511      0x6f8 ..\obj\delay.o
 .debug_info    0x00002c09      0xc9d ..\obj\stm32_ub_usb_cdc.o
 .debug_info    0x000038a6      0x2d5 ..\obj\smart_cpu.o
 .debug_info    0x00003b7b      0x206 ..\obj\usbd_usr.o
 .debug_info    0x00003d81     0x10d2 ..\obj\command.o
 .debug_info    0x00004e53      0x2d5 ..\obj\smart_rele.o
 .debug_info    0x00005128      0x9ca ..\obj\stm32f4xx_usart.o
 .debug_info    0x00005af2       0xf2 ..\obj\startup_stm32f4xx.o
 .debug_info    0x00005be4      0xef1 ..\obj\usbd_core.o
 .debug_info    0x00006ad5      0x4d7 ..\obj\main.o
 .debug_info    0x00006fac      0x2d5 ..\obj\smart_biz.o
 .debug_info    0x00007281      0xc63 ..\obj\stm32f4xx_rcc.o
 .debug_info    0x00007ee4      0x2f2 ..\obj\smart_led.o
 .debug_info    0x000081d6      0x35d ..\obj\usbd_desc.o
 .debug_info    0x00008533      0x61a ..\obj\stm32f4xx_gpio.o
 .debug_info    0x00008b4d      0x58d ..\obj\usbd_cdc_vcp.o
 .debug_info    0x000090da      0x5c5 ..\obj\system_stm32f4xx.o
 .debug_info    0x0000969f      0xfde ..\obj\usb_bsp.o
 .debug_info    0x0000a67d      0xfa6 ..\obj\usbd_req.o
 .debug_info    0x0000b623     0x1ed3 ..\obj\usb_dcd_int.o
 .debug_info    0x0000d4f6      0xef6 ..\obj\usbd_cdc_core.o
 .debug_info    0x0000e3ec      0x556 ..\obj\misc.o
 .debug_info    0x0000e942     0x1019 ..\obj\usb_dcd.o
 .debug_info    0x0000f95b      0xcc2 ..\obj\usbd_ioreq.o
 .debug_info    0x0001061d     0x1c69 ..\obj\stm32f4xx_tim.o

.debug_abbrev   0x00000000     0x2aa9
 .debug_abbrev  0x00000000      0x318 ..\obj\usb_core.o
 .debug_abbrev  0x00000318      0x1b3 ..\obj\delay.o
 .debug_abbrev  0x000004cb      0x1dd ..\obj\stm32_ub_usb_cdc.o
 .debug_abbrev  0x000006a8      0x10e ..\obj\smart_cpu.o
 .debug_abbrev  0x000007b6       0xf5 ..\obj\usbd_usr.o
 .debug_abbrev  0x000008ab      0x2b7 ..\obj\command.o
 .debug_abbrev  0x00000b62      0x10e ..\obj\smart_rele.o
 .debug_abbrev  0x00000c70      0x157 ..\obj\stm32f4xx_usart.o
 .debug_abbrev  0x00000dc7       0xb0 ..\obj\startup_stm32f4xx.o
 .debug_abbrev  0x00000e77      0x1d4 ..\obj\usbd_core.o
 .debug_abbrev  0x0000104b      0x124 ..\obj\main.o
 .debug_abbrev  0x0000116f      0x10e ..\obj\smart_biz.o
 .debug_abbrev  0x0000127d      0x1e5 ..\obj\stm32f4xx_rcc.o
 .debug_abbrev  0x00001462      0x128 ..\obj\smart_led.o
 .debug_abbrev  0x0000158a      0x101 ..\obj\usbd_desc.o
 .debug_abbrev  0x0000168b      0x1a7 ..\obj\stm32f4xx_gpio.o
 .debug_abbrev  0x00001832      0x1f4 ..\obj\usbd_cdc_vcp.o
 .debug_abbrev  0x00001a26      0x138 ..\obj\system_stm32f4xx.o
 .debug_abbrev  0x00001b5e      0x1f3 ..\obj\usb_bsp.o
 .debug_abbrev  0x00001d51      0x259 ..\obj\usbd_req.o
 .debug_abbrev  0x00001faa      0x297 ..\obj\usb_dcd_int.o
 .debug_abbrev  0x00002241      0x204 ..\obj\usbd_cdc_core.o
 .debug_abbrev  0x00002445      0x147 ..\obj\misc.o
 .debug_abbrev  0x0000258c      0x21f ..\obj\usb_dcd.o
 .debug_abbrev  0x000027ab      0x175 ..\obj\usbd_ioreq.o
 .debug_abbrev  0x00002920      0x189 ..\obj\stm32f4xx_tim.o

.debug_aranges  0x00000000      0xe50
 .debug_aranges
                0x00000000      0x138 ..\obj\usb_core.o
 .debug_aranges
                0x00000138       0x40 ..\obj\delay.o
 .debug_aranges
                0x00000178       0x40 ..\obj\stm32_ub_usb_cdc.o
 .debug_aranges
                0x000001b8       0x28 ..\obj\smart_cpu.o
 .debug_aranges
                0x000001e0       0x50 ..\obj\usbd_usr.o
 .debug_aranges
                0x00000230      0x108 ..\obj\command.o
 .debug_aranges
                0x00000338       0x28 ..\obj\smart_rele.o
 .debug_aranges
                0x00000360      0x100 ..\obj\stm32f4xx_usart.o
 .debug_aranges
                0x00000460       0x28 ..\obj\startup_stm32f4xx.o
 .debug_aranges
                0x00000488       0x90 ..\obj\usbd_core.o
 .debug_aranges
                0x00000518       0x28 ..\obj\main.o
 .debug_aranges
                0x00000540       0x28 ..\obj\smart_biz.o
 .debug_aranges
                0x00000568      0x178 ..\obj\stm32f4xx_rcc.o
 .debug_aranges
                0x000006e0       0x28 ..\obj\smart_led.o
 .debug_aranges
                0x00000708       0x50 ..\obj\usbd_desc.o
 .debug_aranges
                0x00000758       0x88 ..\obj\stm32f4xx_gpio.o
 .debug_aranges
                0x000007e0       0x80 ..\obj\usbd_cdc_vcp.o
 .debug_aranges
                0x00000860       0x30 ..\obj\system_stm32f4xx.o
 .debug_aranges
                0x00000890       0x40 ..\obj\usb_bsp.o
 .debug_aranges
                0x000008d0       0x88 ..\obj\usbd_req.o
 .debug_aranges
                0x00000958       0x90 ..\obj\usb_dcd_int.o
 .debug_aranges
                0x000009e8       0x60 ..\obj\usbd_cdc_core.o
 .debug_aranges
                0x00000a48       0x40 ..\obj\misc.o
 .debug_aranges
                0x00000a88       0x80 ..\obj\usb_dcd.o
 .debug_aranges
                0x00000b08       0x50 ..\obj\usbd_ioreq.o
 .debug_aranges
                0x00000b58      0x2f8 ..\obj\stm32f4xx_tim.o

.debug_ranges   0x00000000      0xcb0
 .debug_ranges  0x00000000      0x128 ..\obj\usb_core.o
 .debug_ranges  0x00000128       0x30 ..\obj\delay.o
 .debug_ranges  0x00000158       0x30 ..\obj\stm32_ub_usb_cdc.o
 .debug_ranges  0x00000188       0x18 ..\obj\smart_cpu.o
 .debug_ranges  0x000001a0       0x40 ..\obj\usbd_usr.o
 .debug_ranges  0x000001e0       0xf8 ..\obj\command.o
 .debug_ranges  0x000002d8       0x18 ..\obj\smart_rele.o
 .debug_ranges  0x000002f0       0xf0 ..\obj\stm32f4xx_usart.o
 .debug_ranges  0x000003e0       0x18 ..\obj\startup_stm32f4xx.o
 .debug_ranges  0x000003f8       0x80 ..\obj\usbd_core.o
 .debug_ranges  0x00000478       0x18 ..\obj\main.o
 .debug_ranges  0x00000490       0x18 ..\obj\smart_biz.o
 .debug_ranges  0x000004a8      0x168 ..\obj\stm32f4xx_rcc.o
 .debug_ranges  0x00000610       0x18 ..\obj\smart_led.o
 .debug_ranges  0x00000628       0x40 ..\obj\usbd_desc.o
 .debug_ranges  0x00000668       0x78 ..\obj\stm32f4xx_gpio.o
 .debug_ranges  0x000006e0       0x70 ..\obj\usbd_cdc_vcp.o
 .debug_ranges  0x00000750       0x20 ..\obj\system_stm32f4xx.o
 .debug_ranges  0x00000770       0x30 ..\obj\usb_bsp.o
 .debug_ranges  0x000007a0       0x78 ..\obj\usbd_req.o
 .debug_ranges  0x00000818       0x80 ..\obj\usb_dcd_int.o
 .debug_ranges  0x00000898       0x50 ..\obj\usbd_cdc_core.o
 .debug_ranges  0x000008e8       0x30 ..\obj\misc.o
 .debug_ranges  0x00000918       0x70 ..\obj\usb_dcd.o
 .debug_ranges  0x00000988       0x40 ..\obj\usbd_ioreq.o
 .debug_ranges  0x000009c8      0x2e8 ..\obj\stm32f4xx_tim.o

.debug_line     0x00000000     0x5b83
 .debug_line    0x00000000      0x6e4 ..\obj\usb_core.o
 .debug_line    0x000006e4      0x224 ..\obj\delay.o
 .debug_line    0x00000908      0x2d0 ..\obj\stm32_ub_usb_cdc.o
 .debug_line    0x00000bd8      0x2cc ..\obj\smart_cpu.o
 .debug_line    0x00000ea4      0x22f ..\obj\usbd_usr.o
 .debug_line    0x000010d3      0x69b ..\obj\command.o
 .debug_line    0x0000176e      0x2a6 ..\obj\smart_rele.o
 .debug_line    0x00001a14      0x4c7 ..\obj\stm32f4xx_usart.o
 .debug_line    0x00001edb       0x9e ..\obj\startup_stm32f4xx.o
 .debug_line    0x00001f79      0x338 ..\obj\usbd_core.o
 .debug_line    0x000022b1      0x347 ..\obj\main.o
 .debug_line    0x000025f8      0x2f9 ..\obj\smart_biz.o
 .debug_line    0x000028f1      0x5b3 ..\obj\stm32f4xx_rcc.o
 .debug_line    0x00002ea4      0x285 ..\obj\smart_led.o
 .debug_line    0x00003129      0x208 ..\obj\usbd_desc.o
 .debug_line    0x00003331      0x36e ..\obj\stm32f4xx_gpio.o
 .debug_line    0x0000369f      0x379 ..\obj\usbd_cdc_vcp.o
 .debug_line    0x00003a18      0x1f6 ..\obj\system_stm32f4xx.o
 .debug_line    0x00003c0e      0x287 ..\obj\usb_bsp.o
 .debug_line    0x00003e95      0x3f3 ..\obj\usbd_req.o
 .debug_line    0x00004288      0x3e2 ..\obj\usb_dcd_int.o
 .debug_line    0x0000466a      0x2a0 ..\obj\usbd_cdc_core.o
 .debug_line    0x0000490a      0x24c ..\obj\misc.o
 .debug_line    0x00004b56      0x33b ..\obj\usb_dcd.o
 .debug_line    0x00004e91      0x223 ..\obj\usbd_ioreq.o
 .debug_line    0x000050b4      0xacf ..\obj\stm32f4xx_tim.o

.debug_str      0x00000000     0x4b72
 .debug_str     0x00000000     0x132d ..\obj\usb_core.o
                               0x1693 (size before relaxing)
 .debug_str     0x0000132d      0x676 ..\obj\delay.o
                                0x7d2 (size before relaxing)
 .debug_str     0x000019a3      0x19d ..\obj\stm32_ub_usb_cdc.o
                                0xa89 (size before relaxing)
 .debug_str     0x00001b40       0xf4 ..\obj\smart_cpu.o
                                0x2f0 (size before relaxing)
 .debug_str     0x00001c34       0xe9 ..\obj\usbd_usr.o
                                0x309 (size before relaxing)
 .debug_str     0x00001d1d      0x5d6 ..\obj\command.o
                                0xdf3 (size before relaxing)
 .debug_str     0x000022f3       0x5c ..\obj\smart_rele.o
                                0x2f4 (size before relaxing)
 .debug_str     0x0000234f      0x42a ..\obj\stm32f4xx_usart.o
                                0x68c (size before relaxing)
 .debug_str     0x00002779       0xad ..\obj\startup_stm32f4xx.o
                                0x144 (size before relaxing)
 .debug_str     0x00002826      0x19f ..\obj\usbd_core.o
                                0xaff (size before relaxing)
 .debug_str     0x000029c5       0x45 ..\obj\main.o
                                0x3c3 (size before relaxing)
 .debug_str     0x00002a0a       0x58 ..\obj\smart_biz.o
                                0x2f0 (size before relaxing)
 .debug_str     0x00002a62      0x5c6 ..\obj\stm32f4xx_rcc.o
                                0x84d (size before relaxing)
 .debug_str     0x00003028       0x58 ..\obj\smart_led.o
                                0x2f0 (size before relaxing)
 .debug_str     0x00003080      0x160 ..\obj\usbd_desc.o
                                0x38f (size before relaxing)
 .debug_str     0x000031e0      0x1a0 ..\obj\stm32f4xx_gpio.o
                                0x4a0 (size before relaxing)
 .debug_str     0x00003380      0x20c ..\obj\usbd_cdc_vcp.o
                                0x3ed (size before relaxing)
 .debug_str     0x0000358c       0xb1 ..\obj\system_stm32f4xx.o
                                0x3a7 (size before relaxing)
 .debug_str     0x0000363d      0x152 ..\obj\usb_bsp.o
                               0x10c8 (size before relaxing)
 .debug_str     0x0000378f      0x17b ..\obj\usbd_req.o
                                0xb03 (size before relaxing)
 .debug_str     0x0000390a      0x354 ..\obj\usb_dcd_int.o
                               0x136c (size before relaxing)
 .debug_str     0x00003c5e      0x199 ..\obj\usbd_cdc_core.o
                                0xb21 (size before relaxing)
 .debug_str     0x00003df7      0x110 ..\obj\misc.o
                                0x3cb (size before relaxing)
 .debug_str     0x00003f07      0x117 ..\obj\usb_dcd.o
                                0xb33 (size before relaxing)
 .debug_str     0x0000401e       0xd1 ..\obj\usbd_ioreq.o
                                0x9c2 (size before relaxing)
 .debug_str     0x000040ef      0xa83 ..\obj\stm32f4xx_tim.o
                                0xdcd (size before relaxing)

.comment        0x00000000       0x6e
 .comment       0x00000000       0x6e ..\obj\usb_core.o
                                 0x6f (size before relaxing)
 .comment       0x0000006e       0x6f ..\obj\delay.o
 .comment       0x0000006e       0x6f ..\obj\stm32_ub_usb_cdc.o
 .comment       0x0000006e       0x6f ..\obj\smart_cpu.o
 .comment       0x0000006e       0x6f ..\obj\usbd_usr.o
 .comment       0x0000006e       0x6f ..\obj\command.o
 .comment       0x0000006e       0x6f ..\obj\smart_rele.o
 .comment       0x0000006e       0x6f ..\obj\stm32f4xx_usart.o
 .comment       0x0000006e       0x6f ..\obj\startup_stm32f4xx.o
 .comment       0x0000006e       0x6f ..\obj\usbd_core.o
 .comment       0x0000006e       0x6f ..\obj\main.o
 .comment       0x0000006e       0x6f ..\obj\smart_biz.o
 .comment       0x0000006e       0x6f ..\obj\stm32f4xx_rcc.o
 .comment       0x0000006e       0x6f ..\obj\smart_led.o
 .comment       0x0000006e       0x6f ..\obj\usbd_desc.o
 .comment       0x0000006e       0x6f ..\obj\stm32f4xx_gpio.o
 .comment       0x0000006e       0x6f ..\obj\usbd_cdc_vcp.o
 .comment       0x0000006e       0x6f ..\obj\system_stm32f4xx.o
 .comment       0x0000006e       0x6f ..\obj\usb_bsp.o
 .comment       0x0000006e       0x6f ..\obj\usbd_req.o
 .comment       0x0000006e       0x6f ..\obj\usb_dcd_int.o
 .comment       0x0000006e       0x6f ..\obj\usbd_cdc_core.o
 .comment       0x0000006e       0x6f ..\obj\misc.o
 .comment       0x0000006e       0x6f ..\obj\usb_dcd.o
 .comment       0x0000006e       0x6f ..\obj\usbd_ioreq.o
 .comment       0x0000006e       0x6f ..\obj\stm32f4xx_tim.o

.ARM.attributes
                0x00000000       0x31
 .ARM.attributes
                0x00000000       0x33 ..\obj\usb_core.o
 .ARM.attributes
                0x00000033       0x33 ..\obj\delay.o
 .ARM.attributes
                0x00000066       0x33 ..\obj\stm32_ub_usb_cdc.o
 .ARM.attributes
                0x00000099       0x33 ..\obj\smart_cpu.o
 .ARM.attributes
                0x000000cc       0x33 ..\obj\usbd_usr.o
 .ARM.attributes
                0x000000ff       0x33 ..\obj\command.o
 .ARM.attributes
                0x00000132       0x33 ..\obj\smart_rele.o
 .ARM.attributes
                0x00000165       0x33 ..\obj\stm32f4xx_usart.o
 .ARM.attributes
                0x00000198       0x33 ..\obj\startup_stm32f4xx.o
 .ARM.attributes
                0x000001cb       0x33 ..\obj\usbd_core.o
 .ARM.attributes
                0x000001fe       0x33 ..\obj\main.o
 .ARM.attributes
                0x00000231       0x33 ..\obj\smart_biz.o
 .ARM.attributes
                0x00000264       0x33 ..\obj\stm32f4xx_rcc.o
 .ARM.attributes
                0x00000297       0x33 ..\obj\smart_led.o
 .ARM.attributes
                0x000002ca       0x33 ..\obj\usbd_desc.o
 .ARM.attributes
                0x000002fd       0x33 ..\obj\stm32f4xx_gpio.o
 .ARM.attributes
                0x00000330       0x33 ..\obj\usbd_cdc_vcp.o
 .ARM.attributes
                0x00000363       0x33 ..\obj\system_stm32f4xx.o
 .ARM.attributes
                0x00000396       0x33 ..\obj\usb_bsp.o
 .ARM.attributes
                0x000003c9       0x33 ..\obj\usbd_req.o
 .ARM.attributes
                0x000003fc       0x33 ..\obj\usb_dcd_int.o
 .ARM.attributes
                0x0000042f       0x33 ..\obj\usbd_cdc_core.o
 .ARM.attributes
                0x00000462       0x33 ..\obj\misc.o
 .ARM.attributes
                0x00000495       0x33 ..\obj\usb_dcd.o
 .ARM.attributes
                0x000004c8       0x33 ..\obj\usbd_ioreq.o
 .ARM.attributes
                0x000004fb       0x33 ..\obj\stm32f4xx_tim.o
 .ARM.attributes
                0x0000052e       0x2e d:/coocox/gcc-arm-none-eabi-5_4-2016q3-20160926-win32/bin/../lib/gcc/arm-none-eabi/5.4.1/../../../../arm-none-eabi/lib/armv7e-m\libg.a(lib_a-strchr.o)
 .ARM.attributes
                0x0000055c       0x1c d:/coocox/gcc-arm-none-eabi-5_4-2016q3-20160926-win32/bin/../lib/gcc/arm-none-eabi/5.4.1/../../../../arm-none-eabi/lib/armv7e-m\libg.a(lib_a-strcmp.o)
 .ARM.attributes
                0x00000578       0x2e d:/coocox/gcc-arm-none-eabi-5_4-2016q3-20160926-win32/bin/../lib/gcc/arm-none-eabi/5.4.1/../../../../arm-none-eabi/lib/armv7e-m\libg.a(lib_a-strstr.o)
 .ARM.attributes
                0x000005a6       0x1c d:/coocox/gcc-arm-none-eabi-5_4-2016q3-20160926-win32/bin/../lib/gcc/arm-none-eabi/5.4.1/../../../../arm-none-eabi/lib/armv7e-m\libg.a(lib_a-memchr.o)
 .ARM.attributes
                0x000005c2       0x2e d:/coocox/gcc-arm-none-eabi-5_4-2016q3-20160926-win32/bin/../lib/gcc/arm-none-eabi/5.4.1/../../../../arm-none-eabi/lib/armv7e-m\libg.a(lib_a-memcmp.o)

.debug_frame    0x00000000     0x3ba0
 .debug_frame   0x00000000      0x584 ..\obj\usb_core.o
 .debug_frame   0x00000584       0xc8 ..\obj\delay.o
 .debug_frame   0x0000064c       0xc0 ..\obj\stm32_ub_usb_cdc.o
 .debug_frame   0x0000070c       0x4c ..\obj\smart_cpu.o
 .debug_frame   0x00000758       0xf8 ..\obj\usbd_usr.o
 .debug_frame   0x00000850      0x430 ..\obj\command.o
 .debug_frame   0x00000c80       0x4c ..\obj\smart_rele.o
 .debug_frame   0x00000ccc      0x490 ..\obj\stm32f4xx_usart.o
 .debug_frame   0x0000115c       0x4c ..\obj\startup_stm32f4xx.o
 .debug_frame   0x000011a8      0x230 ..\obj\usbd_core.o
 .debug_frame   0x000013d8       0x48 ..\obj\main.o
 .debug_frame   0x00001420       0x4c ..\obj\smart_biz.o
 .debug_frame   0x0000146c      0x6d4 ..\obj\stm32f4xx_rcc.o
 .debug_frame   0x00001b40       0x54 ..\obj\smart_led.o
 .debug_frame   0x00001b94      0x114 ..\obj\usbd_desc.o
 .debug_frame   0x00001ca8      0x23c ..\obj\stm32f4xx_gpio.o
 .debug_frame   0x00001ee4      0x200 ..\obj\usbd_cdc_vcp.o
 .debug_frame   0x000020e4       0x7c ..\obj\system_stm32f4xx.o
 .debug_frame   0x00002160       0xc0 ..\obj\usb_bsp.o
 .debug_frame   0x00002220      0x210 ..\obj\usbd_req.o
 .debug_frame   0x00002430      0x230 ..\obj\usb_dcd_int.o
 .debug_frame   0x00002660      0x158 ..\obj\usbd_cdc_core.o
 .debug_frame   0x000027b8       0xd8 ..\obj\misc.o
 .debug_frame   0x00002890      0x1e8 ..\obj\usb_dcd.o
 .debug_frame   0x00002a78      0x110 ..\obj\usbd_ioreq.o
 .debug_frame   0x00002b88      0xe54 ..\obj\stm32f4xx_tim.o
 .debug_frame   0x000039dc       0x4c d:/coocox/gcc-arm-none-eabi-5_4-2016q3-20160926-win32/bin/../lib/gcc/arm-none-eabi/5.4.1/../../../../arm-none-eabi/lib/armv7e-m\libg.a(lib_a-strchr.o)
 .debug_frame   0x00003a28       0x68 d:/coocox/gcc-arm-none-eabi-5_4-2016q3-20160926-win32/bin/../lib/gcc/arm-none-eabi/5.4.1/../../../../arm-none-eabi/lib/armv7e-m\libg.a(lib_a-strcmp.o)
 .debug_frame   0x00003a90       0xd8 d:/coocox/gcc-arm-none-eabi-5_4-2016q3-20160926-win32/bin/../lib/gcc/arm-none-eabi/5.4.1/../../../../arm-none-eabi/lib/armv7e-m\libg.a(lib_a-strstr.o)
 .debug_frame   0x00003b68       0x38 d:/coocox/gcc-arm-none-eabi-5_4-2016q3-20160926-win32/bin/../lib/gcc/arm-none-eabi/5.4.1/../../../../arm-none-eabi/lib/armv7e-m\libg.a(lib_a-memcmp.o)
