Archive member included to satisfy reference by file (symbol)

c:/program files (x86)/gnu arm embedded toolchain/9 2020-q2-update/bin/../lib/gcc/arm-none-eabi/9.3.1/../../../../arm-none-eabi/lib/thumb/v7e-m/nofp\libg.a(lib_a-sprintf.o)
                              ..\obj\command.o (sprintf)
c:/program files (x86)/gnu arm embedded toolchain/9 2020-q2-update/bin/../lib/gcc/arm-none-eabi/9.3.1/../../../../arm-none-eabi/lib/thumb/v7e-m/nofp\libg.a(lib_a-strchr.o)
                              ..\obj\command.o (strchr)
c:/program files (x86)/gnu arm embedded toolchain/9 2020-q2-update/bin/../lib/gcc/arm-none-eabi/9.3.1/../../../../arm-none-eabi/lib/thumb/v7e-m/nofp\libg.a(lib_a-strcmp.o)
                              ..\obj\smart_cpu.o (strcmp)
c:/program files (x86)/gnu arm embedded toolchain/9 2020-q2-update/bin/../lib/gcc/arm-none-eabi/9.3.1/../../../../arm-none-eabi/lib/thumb/v7e-m/nofp\libg.a(lib_a-strncpy.o)
                              ..\obj\command.o (strncpy)
c:/program files (x86)/gnu arm embedded toolchain/9 2020-q2-update/bin/../lib/gcc/arm-none-eabi/9.3.1/../../../../arm-none-eabi/lib/thumb/v7e-m/nofp\libg.a(lib_a-strstr.o)
                              ..\obj\command.o (strstr)
c:/program files (x86)/gnu arm embedded toolchain/9 2020-q2-update/bin/../lib/gcc/arm-none-eabi/9.3.1/../../../../arm-none-eabi/lib/thumb/v7e-m/nofp\libg.a(lib_a-svfprintf.o)
                              c:/program files (x86)/gnu arm embedded toolchain/9 2020-q2-update/bin/../lib/gcc/arm-none-eabi/9.3.1/../../../../arm-none-eabi/lib/thumb/v7e-m/nofp\libg.a(lib_a-sprintf.o) (_svfprintf_r)
c:/program files (x86)/gnu arm embedded toolchain/9 2020-q2-update/bin/../lib/gcc/arm-none-eabi/9.3.1/../../../../arm-none-eabi/lib/thumb/v7e-m/nofp\libg.a(lib_a-dtoa.o)
                              c:/program files (x86)/gnu arm embedded toolchain/9 2020-q2-update/bin/../lib/gcc/arm-none-eabi/9.3.1/../../../../arm-none-eabi/lib/thumb/v7e-m/nofp\libg.a(lib_a-svfprintf.o) (_dtoa_r)
c:/program files (x86)/gnu arm embedded toolchain/9 2020-q2-update/bin/../lib/gcc/arm-none-eabi/9.3.1/../../../../arm-none-eabi/lib/thumb/v7e-m/nofp\libg.a(lib_a-freer.o)
                              c:/program files (x86)/gnu arm embedded toolchain/9 2020-q2-update/bin/../lib/gcc/arm-none-eabi/9.3.1/../../../../arm-none-eabi/lib/thumb/v7e-m/nofp\libg.a(lib_a-svfprintf.o) (_free_r)
c:/program files (x86)/gnu arm embedded toolchain/9 2020-q2-update/bin/../lib/gcc/arm-none-eabi/9.3.1/../../../../arm-none-eabi/lib/thumb/v7e-m/nofp\libg.a(lib_a-impure.o)
                              c:/program files (x86)/gnu arm embedded toolchain/9 2020-q2-update/bin/../lib/gcc/arm-none-eabi/9.3.1/../../../../arm-none-eabi/lib/thumb/v7e-m/nofp\libg.a(lib_a-sprintf.o) (_impure_ptr)
c:/program files (x86)/gnu arm embedded toolchain/9 2020-q2-update/bin/../lib/gcc/arm-none-eabi/9.3.1/../../../../arm-none-eabi/lib/thumb/v7e-m/nofp\libg.a(lib_a-localeconv.o)
                              c:/program files (x86)/gnu arm embedded toolchain/9 2020-q2-update/bin/../lib/gcc/arm-none-eabi/9.3.1/../../../../arm-none-eabi/lib/thumb/v7e-m/nofp\libg.a(lib_a-svfprintf.o) (_localeconv_r)
c:/program files (x86)/gnu arm embedded toolchain/9 2020-q2-update/bin/../lib/gcc/arm-none-eabi/9.3.1/../../../../arm-none-eabi/lib/thumb/v7e-m/nofp\libg.a(lib_a-mallocr.o)
                              c:/program files (x86)/gnu arm embedded toolchain/9 2020-q2-update/bin/../lib/gcc/arm-none-eabi/9.3.1/../../../../arm-none-eabi/lib/thumb/v7e-m/nofp\libg.a(lib_a-svfprintf.o) (_malloc_r)
c:/program files (x86)/gnu arm embedded toolchain/9 2020-q2-update/bin/../lib/gcc/arm-none-eabi/9.3.1/../../../../arm-none-eabi/lib/thumb/v7e-m/nofp\libg.a(lib_a-memchr.o)
                              c:/program files (x86)/gnu arm embedded toolchain/9 2020-q2-update/bin/../lib/gcc/arm-none-eabi/9.3.1/../../../../arm-none-eabi/lib/thumb/v7e-m/nofp\libg.a(lib_a-svfprintf.o) (memchr)
c:/program files (x86)/gnu arm embedded toolchain/9 2020-q2-update/bin/../lib/gcc/arm-none-eabi/9.3.1/../../../../arm-none-eabi/lib/thumb/v7e-m/nofp\libg.a(lib_a-memcmp.o)
                              c:/program files (x86)/gnu arm embedded toolchain/9 2020-q2-update/bin/../lib/gcc/arm-none-eabi/9.3.1/../../../../arm-none-eabi/lib/thumb/v7e-m/nofp\libg.a(lib_a-strstr.o) (memcmp)
c:/program files (x86)/gnu arm embedded toolchain/9 2020-q2-update/bin/../lib/gcc/arm-none-eabi/9.3.1/../../../../arm-none-eabi/lib/thumb/v7e-m/nofp\libg.a(lib_a-memcpy.o)
                              c:/program files (x86)/gnu arm embedded toolchain/9 2020-q2-update/bin/../lib/gcc/arm-none-eabi/9.3.1/../../../../arm-none-eabi/lib/thumb/v7e-m/nofp\libg.a(lib_a-dtoa.o) (memcpy)
c:/program files (x86)/gnu arm embedded toolchain/9 2020-q2-update/bin/../lib/gcc/arm-none-eabi/9.3.1/../../../../arm-none-eabi/lib/thumb/v7e-m/nofp\libg.a(lib_a-memset.o)
[...]
Memory Configuration

Name             Origin             Length             Attributes
rom              0x08000000         0x00100000         xr
ram              0x20000000         0x00020000         xrw
ram1             0x10000000         0x00010000         xrw
*default*        0x00000000         0xffffffff

Linker script and memory map

                0x20020000                _eram = 0x20020000

.text           0x08000000     0x77d2
 *(.isr_vector)
 .isr_vector    0x08000000      0x188 ..\obj\startup_stm32f4xx.o
                0x08000000                g_pfnVectors
 *(.text*)
 .text.USB_OTG_EnableCommonInt
                0x08000188       0x42 ..\obj\usb_core.o
 *fill*         0x080001ca        0x2 
 .text.USB_OTG_CoreReset
                0x080001cc       0x90 ..\obj\usb_core.o
 .text.USB_OTG_WritePacket
                0x0800025c       0x74 ..\obj\usb_core.o
                0x0800025c                USB_OTG_WritePacket
 .text.USB_OTG_ReadPacket
                0x080002d0       0x56 ..\obj\usb_core.o
                0x080002d0                USB_OTG_ReadPacket
 *fill*         0x08000326        0x2 
 .text.USB_OTG_SelectCore
                0x08000328      0x174 ..\obj\usb_core.o
                0x08000328                USB_OTG_SelectCore
 .text.USB_OTG_CoreInit
                0x0800049c      0x1d2 ..\obj\usb_core.o
                0x0800049c                USB_OTG_CoreInit
 .text.USB_OTG_EnableGlobalInt
                0x0800066e       0x34 ..\obj\usb_core.o
                0x0800066e                USB_OTG_EnableGlobalInt
 .text.USB_OTG_DisableGlobalInt
                0x080006a2       0x36 ..\obj\usb_core.o
                0x080006a2                USB_OTG_DisableGlobalInt
 .text.USB_OTG_FlushTxFifo
                0x080006d8       0x70 ..\obj\usb_core.o
                0x080006d8                USB_OTG_FlushTxFifo
 .text.USB_OTG_FlushRxFifo
                0x08000748       0x60 ..\obj\usb_core.o
                0x08000748                USB_OTG_FlushRxFifo
 .text.USB_OTG_SetCurrentMode
                0x080007a8       0x5e ..\obj\usb_core.o
                0x080007a8                USB_OTG_SetCurrentMode
 .text.USB_OTG_GetMode
                0x08000806       0x1c ..\obj\usb_core.o
                0x08000806                USB_OTG_GetMode
 .text.USB_OTG_IsDeviceMode
                0x08000822       0x22 ..\obj\usb_core.o
                0x08000822                USB_OTG_IsDeviceMode
 .text.USB_OTG_ReadCoreItr
                0x08000844       0x2c ..\obj\usb_core.o
                0x08000844                USB_OTG_ReadCoreItr
 .text.USB_OTG_InitDevSpeed
                0x08000870       0x36 ..\obj\usb_core.o
                0x08000870                USB_OTG_InitDevSpeed
 .text.USB_OTG_CoreInitDev
                0x080008a6      0x264 ..\obj\usb_core.o
                0x080008a6                USB_OTG_CoreInitDev
 .text.USB_OTG_EnableDevInt
                0x08000b0a       0xaa ..\obj\usb_core.o
                0x08000b0a                USB_OTG_EnableDevInt
 .text.USB_OTG_GetDeviceSpeed
                0x08000bb4       0x4a ..\obj\usb_core.o
                0x08000bb4                USB_OTG_GetDeviceSpeed
 .text.USB_OTG_EP0Activate
                0x08000bfe       0x76 ..\obj\usb_core.o
                0x08000bfe                USB_OTG_EP0Activate
 .text.USB_OTG_EPActivate
                0x08000c74       0xd6 ..\obj\usb_core.o
                0x08000c74                USB_OTG_EPActivate
 .text.USB_OTG_EPDeactivate
                0x08000d4a       0x88 ..\obj\usb_core.o
                0x08000d4a                USB_OTG_EPDeactivate
 .text.USB_OTG_EPStartXfer
                0x08000dd2      0x282 ..\obj\usb_core.o
                0x08000dd2                USB_OTG_EPStartXfer
 .text.USB_OTG_EP0StartXfer
                0x08001054      0x1ca ..\obj\usb_core.o
                0x08001054                USB_OTG_EP0StartXfer
 .text.USB_OTG_EPSetStall
                0x0800121e       0x84 ..\obj\usb_core.o
                0x0800121e                USB_OTG_EPSetStall
 .text.USB_OTG_EPClearStall
                0x080012a2       0x74 ..\obj\usb_core.o
                0x080012a2                USB_OTG_EPClearStall
 .text.USB_OTG_ReadDevAllOutEp_itr
                0x08001316       0x2a ..\obj\usb_core.o
                0x08001316                USB_OTG_ReadDevAllOutEp_itr
 .text.USB_OTG_ReadDevOutEP_itr
                0x08001340       0x34 ..\obj\usb_core.o
                0x08001340                USB_OTG_ReadDevOutEP_itr
 .text.USB_OTG_ReadDevAllInEPItr
                0x08001374       0x2a ..\obj\usb_core.o
                0x08001374                USB_OTG_ReadDevAllInEPItr
 .text.USB_OTG_EP0_OutStart
                0x0800139e       0x70 ..\obj\usb_core.o
                0x0800139e                USB_OTG_EP0_OutStart
 *fill*         0x0800140e        0x2 
 .text.NVIC_SetPriority
                0x08001410       0x54 ..\obj\delay.o
 .text.SysTick_Config
                0x08001464       0x44 ..\obj\delay.o
 .text.delay_init
                0x080014a8       0x28 ..\obj\delay.o
                0x080014a8                delay_init
 .text.delay    0x080014d0       0x28 ..\obj\delay.o
                0x080014d0                delay
 .text.SysTick_Handler
                0x080014f8       0x1c ..\obj\delay.o
                0x080014f8                SysTick_Handler
 .text.UB_USB_CDC_Init
                0x08001514       0x38 ..\obj\stm32_ub_usb_cdc.o
                0x08001514                UB_USB_CDC_Init
 .text.UB_USB_CDC_GetStatus
                0x0800154c       0x14 ..\obj\stm32_ub_usb_cdc.o
                0x0800154c                UB_USB_CDC_GetStatus
 .text.UB_USB_CDC_ReceiveString
                0x08001560       0x50 ..\obj\stm32_ub_usb_cdc.o
                0x08001560                UB_USB_CDC_ReceiveString
 .text.CLR_CPU_Pins
                0x080015b0       0x40 ..\obj\smart_cpu.o
                0x080015b0                CLR_CPU_Pins
 .text.Change_Test_Cpu
                0x080015f0      0x1fc ..\obj\smart_cpu.o
                0x080015f0                Change_Test_Cpu
 .text.USBD_USR_Init
                0x080017ec       0x18 ..\obj\usbd_usr.o
                0x080017ec                USBD_USR_Init
 .text.USBD_USR_DeviceReset
                0x08001804       0x20 ..\obj\usbd_usr.o
                0x08001804                USBD_USR_DeviceReset
 .text.USBD_USR_DeviceConfigured
                0x08001824       0x18 ..\obj\usbd_usr.o
                0x08001824                USBD_USR_DeviceConfigured
 .text.USBD_USR_DeviceConnected
                0x0800183c       0x18 ..\obj\usbd_usr.o
                0x0800183c                USBD_USR_DeviceConnected
 .text.USBD_USR_DeviceDisconnected
                0x08001854       0x18 ..\obj\usbd_usr.o
                0x08001854                USBD_USR_DeviceDisconnected
 .text.USBD_USR_DeviceSuspended
                0x0800186c       0x18 ..\obj\usbd_usr.o
                0x0800186c                USBD_USR_DeviceSuspended
 .text.USBD_USR_DeviceResumed
                0x08001884       0x18 ..\obj\usbd_usr.o
                0x08001884                USBD_USR_DeviceResumed
 .text.NVIC_EnableIRQ
                0x0800189c       0x30 ..\obj\command.o
 .text.NVIC_DisableIRQ
                0x080018cc       0x34 ..\obj\command.o
 .text.clear_RXBuffer
                0x08001900       0x44 ..\obj\command.o
                0x08001900                clear_RXBuffer
 .text.INIT_All
                0x08001944       0x40 ..\obj\command.o
                0x08001944                INIT_All
 .text.FAKE_BlueTooth
                0x08001984       0x44 ..\obj\command.o
                0x08001984                FAKE_BlueTooth
 .text.INIT_Power_NI_or_Power_Summ_NI
                0x080019c8       0x48 ..\obj\command.o
                0x080019c8                INIT_Power_NI_or_Power_Summ_NI
 .text.INIT_Reboot_USB
                0x08001a10       0x44 ..\obj\command.o
                0x08001a10                INIT_Reboot_USB
 .text.INIT_Comparator_Pins
                0x08001a54       0x68 ..\obj\command.o
                0x08001a54                INIT_Comparator_Pins
 .text.INIT_Fuse_Test_Pins
                0x08001abc       0x48 ..\obj\command.o
                0x08001abc                INIT_Fuse_Test_Pins
 .text.INIT_Diode_Test_Pins
                0x08001b04       0x80 ..\obj\command.o
                0x08001b04                INIT_Diode_Test_Pins
 .text.INIT_Ringing_Pins
                0x08001b84       0x80 ..\obj\command.o
                0x08001b84                INIT_Ringing_Pins
 .text.INIT_CPU_Test_Pins
                0x08001c04       0xf4 ..\obj\command.o
                0x08001c04                INIT_CPU_Test_Pins
 .text.INIT_CPU_ETALON_TEST_Pins
                0x08001cf8       0x48 ..\obj\command.o
                0x08001cf8                INIT_CPU_ETALON_TEST_Pins
 .text.INIT_InputEtalonLed_Pins
                0x08001d40       0x6c ..\obj\command.o
                0x08001d40                INIT_InputEtalonLed_Pins
 .text.INIT_RELE_Test_Pins
                0x08001dac       0xd8 ..\obj\command.o
                0x08001dac                INIT_RELE_Test_Pins
 .text.Control_Rele_Pins_SET
                0x08001e84       0x1c ..\obj\command.o
                0x08001e84                Control_Rele_Pins_SET
 .text.INIT_LED_Test_Pins
                0x08001ea0       0x80 ..\obj\command.o
                0x08001ea0                INIT_LED_Test_Pins
 .text.BT05_INIT_Bluetooth
                0x08001f20      0x11c ..\obj\command.o
                0x08001f20                BT05_INIT_Bluetooth
 .text.BT05_Seach_Bluetooth
                0x0800203c       0x70 ..\obj\command.o
                0x0800203c                BT05_Seach_Bluetooth
 .text.FIND_LIGHT_LED
                0x080020ac      0x170 ..\obj\command.o
                0x080020ac                FIND_LIGHT_LED
 .text.INIT_Usart
                0x0800221c       0xa8 ..\obj\command.o
                0x0800221c                INIT_Usart
 .text.INIT_TIMER
                0x080022c4       0x44 ..\obj\command.o
                0x080022c4                INIT_TIMER
 .text.RUN_TIMER
                0x08002308       0x1c ..\obj\command.o
                0x08002308                RUN_TIMER
 .text.STOP_TIMER
                0x08002324       0x1c ..\obj\command.o
                0x08002324                STOP_TIMER
 .text.USART_Tx
                0x08002340       0x30 ..\obj\command.o
                0x08002340                USART_Tx
 .text.USART_Rx
                0x08002370       0x84 ..\obj\command.o
                0x08002370                USART_Rx
 .text.send_str
                0x080023f4       0x38 ..\obj\command.o
                0x080023f4                send_str
 .text.CLR_RELE_Pins
                0x0800242c       0x3c ..\obj\smart_rele.o
                0x0800242c                CLR_RELE_Pins
 .text.Change_Test_Rele
                0x08002468      0x210 ..\obj\smart_rele.o
                0x08002468                Change_Test_Rele
 .text.USART_Init
                0x08002678      0x174 ..\obj\stm32f4xx_usart.o
                0x08002678                USART_Init
 .text.USART_Cmd
                0x080027ec       0x3e ..\obj\stm32f4xx_usart.o
                0x080027ec                USART_Cmd
 *fill*         0x0800282a        0x2 
 .text.Default_Reset_Handler
                0x0800282c       0x5c ..\obj\startup_stm32f4xx.o
                0x0800282c                Default_Reset_Handler
                0x0800282c                Reset_Handler
 .text.Default_Handler
                0x08002888        0x6 ..\obj\startup_stm32f4xx.o
                0x08002888                RTC_Alarm_IRQHandler
                0x08002888                HASH_RNG_IRQHandler
                0x08002888                EXTI2_IRQHandler
                0x08002888                TIM8_CC_IRQHandler
                0x08002888                DebugMon_Handler
                0x08002888                TIM1_CC_IRQHandler
                0x08002888                DMA2_Stream5_IRQHandler
                0x08002888                HardFault_Handler
                0x08002888                DMA1_Stream5_IRQHandler
                0x08002888                PVD_IRQHandler
                0x08002888                SDIO_IRQHandler
                0x08002888                TAMP_STAMP_IRQHandler
                0x08002888                PendSV_Handler
                0x08002888                NMI_Handler
                0x08002888                CAN2_RX1_IRQHandler
                0x08002888                EXTI3_IRQHandler
                0x08002888                TIM8_TRG_COM_TIM14_IRQHandler
                0x08002888                TIM1_UP_TIM10_IRQHandler
                0x08002888                TIM8_UP_TIM13_IRQHandler
                0x08002888                I2C3_ER_IRQHandler
                0x08002888                EXTI0_IRQHandler
                0x08002888                I2C2_EV_IRQHandler
                0x08002888                DMA1_Stream2_IRQHandler
                0x08002888                CAN1_RX0_IRQHandler
                0x08002888                FPU_IRQHandler
                0x08002888                OTG_HS_WKUP_IRQHandler
                0x08002888                UsageFault_Handler
                0x08002888                CAN2_SCE_IRQHandler
                0x08002888                DMA2_Stream2_IRQHandler
                0x08002888                SPI1_IRQHandler
                0x08002888                TIM1_BRK_TIM9_IRQHandler
                0x08002888                DCMI_IRQHandler
                0x08002888                CAN2_RX0_IRQHandler
                0x08002888                DMA2_Stream3_IRQHandler
                0x08002888                USART6_IRQHandler
                0x08002888                USART3_IRQHandler
                0x08002888                CRYP_IRQHandler
                0x08002888                CAN1_RX1_IRQHandler
                0x08002888                UART5_IRQHandler
                0x08002888                DMA2_Stream0_IRQHandler
                0x08002888                TIM4_IRQHandler
                0x08002888                I2C1_EV_IRQHandler
                0x08002888                DMA1_Stream6_IRQHandler
                0x08002888                DMA1_Stream1_IRQHandler
                0x08002888                UART4_IRQHandler
                0x08002888                TIM3_IRQHandler
                0x08002888                RCC_IRQHandler
                0x08002888                TIM8_BRK_TIM12_IRQHandler
                0x08002888                EXTI15_10_IRQHandler
                0x08002888                ADC_IRQHandler
                0x08002888                DMA1_Stream7_IRQHandler
                0x08002888                TIM7_IRQHandler
                0x08002888                CAN2_TX_IRQHandler
                0x08002888                TIM5_IRQHandler
                0x08002888                DMA2_Stream7_IRQHandler
                0x08002888                I2C3_EV_IRQHandler
                0x08002888                EXTI9_5_IRQHandler
                0x08002888                RTC_WKUP_IRQHandler
                0x08002888                ETH_WKUP_IRQHandler
                0x08002888                SPI2_IRQHandler
                0x08002888                OTG_HS_EP1_IN_IRQHandler
                0x08002888                MemManage_Handler
                0x08002888                DMA1_Stream0_IRQHandler
                0x08002888                CAN1_TX_IRQHandler
                0x08002888                SVC_Handler
                0x08002888                EXTI4_IRQHandler
                0x08002888                FSMC_IRQHandler
                0x08002888                ETH_IRQHandler
                0x08002888                OTG_HS_EP1_OUT_IRQHandler
                0x08002888                WWDG_IRQHandler
                0x08002888                TIM2_IRQHandler
                0x08002888                OTG_FS_WKUP_IRQHandler
                0x08002888                TIM1_TRG_COM_TIM11_IRQHandler
                0x08002888                OTG_HS_IRQHandler
                0x08002888                EXTI1_IRQHandler
                0x08002888                USART2_IRQHandler
                0x08002888                I2C2_ER_IRQHandler
                0x08002888                DMA2_Stream1_IRQHandler
                0x08002888                CAN1_SCE_IRQHandler
                0x08002888                FLASH_IRQHandler
                0x08002888                DMA2_Stream4_IRQHandler
                0x08002888                BusFault_Handler
                0x08002888                USART1_IRQHandler
                0x08002888                SPI3_IRQHandler
                0x08002888                DMA1_Stream4_IRQHandler
                0x08002888                I2C1_ER_IRQHandler
                0x08002888                DMA2_Stream6_IRQHandler
                0x08002888                DMA1_Stream3_IRQHandler
 .text.USBD_Init
                0x0800288e       0x56 ..\obj\usbd_core.o
                0x0800288e                USBD_Init
 .text.USBD_DeInit
                0x080028e4       0x14 ..\obj\usbd_core.o
                0x080028e4                USBD_DeInit
 .text.USBD_SetupStage
                0x080028f8       0x72 ..\obj\usbd_core.o
 .text.USBD_DataOutStage
                0x0800296a       0xcc ..\obj\usbd_core.o
 .text.USBD_DataInStage
                0x08002a36      0x102 ..\obj\usbd_core.o
 .text.USBD_Reset
                0x08002b38       0x42 ..\obj\usbd_core.o
 .text.USBD_Resume
                0x08002b7a       0x24 ..\obj\usbd_core.o
 .text.USBD_Suspend
                0x08002b9e       0x24 ..\obj\usbd_core.o
 .text.USBD_SOF
                0x08002bc2       0x2a ..\obj\usbd_core.o
 .text.USBD_SetCfg
                0x08002bec       0x30 ..\obj\usbd_core.o
                0x08002bec                USBD_SetCfg
 .text.USBD_ClrCfg
                0x08002c1c       0x26 ..\obj\usbd_core.o
                0x08002c1c                USBD_ClrCfg
 .text.USBD_IsoINIncomplete
                0x08002c42       0x1e ..\obj\usbd_core.o
 .text.USBD_IsoOUTIncomplete
                0x08002c60       0x1e ..\obj\usbd_core.o
 .text.USBD_DevConnected
                0x08002c7e       0x1c ..\obj\usbd_core.o
 .text.USBD_DevDisconnected
                0x08002c9a       0x2a ..\obj\usbd_core.o
 .text.TIM6_DAC_IRQHandler
                0x08002cc4       0x34 ..\obj\main.o
                0x08002cc4                TIM6_DAC_IRQHandler
 .text.main     0x08002cf8      0x718 ..\obj\main.o
                0x08002cf8                main
 .text.CLR_BIZ_Pins
                0x08003410       0x50 ..\obj\smart_biz.o
                0x08003410                CLR_BIZ_Pins
 .text.Change_Test_Biz
                0x08003460      0x544 ..\obj\smart_biz.o
                0x08003460                Change_Test_Biz
 .text.RCC_GetClocksFreq
                0x080039a4      0x15c ..\obj\stm32f4xx_rcc.o
                0x080039a4                RCC_GetClocksFreq
 .text.RCC_AHB1PeriphClockCmd
                0x08003b00       0x3c ..\obj\stm32f4xx_rcc.o
                0x08003b00                RCC_AHB1PeriphClockCmd
 .text.RCC_AHB2PeriphClockCmd
                0x08003b3c       0x3c ..\obj\stm32f4xx_rcc.o
                0x08003b3c                RCC_AHB2PeriphClockCmd
 .text.RCC_APB1PeriphClockCmd
                0x08003b78       0x3c ..\obj\stm32f4xx_rcc.o
                0x08003b78                RCC_APB1PeriphClockCmd
 .text.RCC_APB2PeriphClockCmd
                0x08003bb4       0x3c ..\obj\stm32f4xx_rcc.o
                0x08003bb4                RCC_APB2PeriphClockCmd
 .text.RCC_APB1PeriphResetCmd
                0x08003bf0       0x3c ..\obj\stm32f4xx_rcc.o
                0x08003bf0                RCC_APB1PeriphResetCmd
 .text.CLR_LED_Pins
                0x08003c2c       0x1c ..\obj\smart_led.o
                0x08003c2c                CLR_LED_Pins
 .text.Change_Test_Led
                0x08003c48       0x90 ..\obj\smart_led.o
                0x08003c48                Change_Test_Led
 .text.USBD_USR_DeviceDescriptor
                0x08003cd8       0x24 ..\obj\usbd_desc.o
                0x08003cd8                USBD_USR_DeviceDescriptor
 .text.USBD_USR_LangIDStrDescriptor
                0x08003cfc       0x24 ..\obj\usbd_desc.o
                0x08003cfc                USBD_USR_LangIDStrDescriptor
 .text.USBD_USR_ProductStrDescriptor
                0x08003d20       0x28 ..\obj\usbd_desc.o
                0x08003d20                USBD_USR_ProductStrDescriptor
 .text.USBD_USR_ManufacturerStrDescriptor
                0x08003d48       0x28 ..\obj\usbd_desc.o
                0x08003d48                USBD_USR_ManufacturerStrDescriptor
 .text.USBD_USR_SerialStrDescriptor
                0x08003d70       0x28 ..\obj\usbd_desc.o
                0x08003d70                USBD_USR_SerialStrDescriptor
 .text.USBD_USR_ConfigStrDescriptor
                0x08003d98       0x28 ..\obj\usbd_desc.o
                0x08003d98                USBD_USR_ConfigStrDescriptor
 .text.USBD_USR_InterfaceStrDescriptor
                0x08003dc0       0x28 ..\obj\usbd_desc.o
                0x08003dc0                USBD_USR_InterfaceStrDescriptor
 .text.GPIO_Init
                0x08003de8      0x11c ..\obj\stm32f4xx_gpio.o
                0x08003de8                GPIO_Init
 .text.GPIO_PinAFConfig
                0x08003f04       0x90 ..\obj\stm32f4xx_gpio.o
                0x08003f04                GPIO_PinAFConfig
 .text.VCP_Init
                0x08003f94       0x2c ..\obj\usbd_cdc_vcp.o
 .text.VCP_DeInit
                0x08003fc0        0xe ..\obj\usbd_cdc_vcp.o
 *fill*         0x08003fce        0x2 
 .text.VCP_Ctrl
                0x08003fd0      0x158 ..\obj\usbd_cdc_vcp.o
 .text.VCP_DataTx
                0x08004128       0x60 ..\obj\usbd_cdc_vcp.o
 .text.VCP_DataRx
                0x08004188       0x80 ..\obj\usbd_cdc_vcp.o
 .text.UB_VCP_StringRx
                0x08004208       0xa8 ..\obj\usbd_cdc_vcp.o
                0x08004208                UB_VCP_StringRx
 .text.VCP_put_char_new
                0x080042b0       0x1c ..\obj\usbd_cdc_vcp.o
                0x080042b0                VCP_put_char_new
 .text.VCP_send_buffer_new
                0x080042cc       0x1c ..\obj\usbd_cdc_vcp.o
                0x080042cc                VCP_send_buffer_new
 .text.SystemInit
                0x080042e8       0x5c ..\obj\system_stm32f4xx.o
                0x080042e8                SystemInit
 .text.SystemCoreClockUpdate
                0x08004344      0x100 ..\obj\system_stm32f4xx.o
                0x08004344                SystemCoreClockUpdate
 .text.SetSysClock
                0x08004444       0xf4 ..\obj\system_stm32f4xx.o
 .text.USB_OTG_BSP_Init
                0x08004538       0xa0 ..\obj\usb_bsp.o
                0x08004538                USB_OTG_BSP_Init
 .text.USB_OTG_BSP_EnableInterrupt
                0x080045d8       0x32 ..\obj\usb_bsp.o
                0x080045d8                USB_OTG_BSP_EnableInterrupt
 *fill*         0x0800460a        0x2 
 .text.USB_OTG_BSP_uDelay
                0x0800460c       0x48 ..\obj\usb_bsp.o
                0x0800460c                USB_OTG_BSP_uDelay
 .text.USB_OTG_BSP_mDelay
                0x08004654       0x20 ..\obj\usb_bsp.o
                0x08004654                USB_OTG_BSP_mDelay
 .text.OTG_FS_IRQHandler
                0x08004674       0x14 ..\obj\usb_bsp.o
                0x08004674                OTG_FS_IRQHandler
 .text.USBD_StdDevReq
                0x08004688       0xa0 ..\obj\usbd_req.o
                0x08004688                USBD_StdDevReq
 .text.USBD_StdItfReq
                0x08004728       0x66 ..\obj\usbd_req.o
                0x08004728                USBD_StdItfReq
 *fill*         0x0800478e        0x2 
 .text.USBD_StdEPReq
                0x08004790      0x1b8 ..\obj\usbd_req.o
                0x08004790                USBD_StdEPReq
 .text.USBD_GetDescriptor
                0x08004948      0x1a8 ..\obj\usbd_req.o
 .text.USBD_SetAddress
                0x08004af0       0x7e ..\obj\usbd_req.o
 *fill*         0x08004b6e        0x2 
 .text.USBD_SetConfig
                0x08004b70       0xf4 ..\obj\usbd_req.o
 .text.USBD_GetConfig
                0x08004c64       0x60 ..\obj\usbd_req.o
 .text.USBD_GetStatus
                0x08004cc4       0x50 ..\obj\usbd_req.o
 .text.USBD_SetFeature
                0x08004d14       0xd0 ..\obj\usbd_req.o
 .text.USBD_ClrFeature
                0x08004de4       0x50 ..\obj\usbd_req.o
 .text.USBD_ParseSetupRequest
                0x08004e34       0x90 ..\obj\usbd_req.o
                0x08004e34                USBD_ParseSetupRequest
 .text.USBD_CtlError
                0x08004ec4       0x46 ..\obj\usbd_req.o
                0x08004ec4                USBD_CtlError
 .text.USBD_GetString
                0x08004f0a       0x86 ..\obj\usbd_req.o
                0x08004f0a                USBD_GetString
 .text.USBD_GetLen
                0x08004f90       0x2e ..\obj\usbd_req.o
 .text.USBD_OTG_ISR_Handler
                0x08004fbe      0x190 ..\obj\usb_dcd_int.o
                0x08004fbe                USBD_OTG_ISR_Handler
 *fill*         0x0800514e        0x2 
 .text.DCD_SessionRequest_ISR
                0x08005150       0x34 ..\obj\usb_dcd_int.o
 .text.DCD_OTG_ISR
                0x08005184       0x3c ..\obj\usb_dcd_int.o
 .text.DCD_HandleResume_ISR
                0x080051c0       0x80 ..\obj\usb_dcd_int.o
 .text.DCD_HandleUSBSuspend_ISR
                0x08005240       0x9c ..\obj\usb_dcd_int.o
 .text.DCD_HandleInEP_ISR
                0x080052dc      0x1ec ..\obj\usb_dcd_int.o
 .text.DCD_HandleOutEP_ISR
                0x080054c8      0x178 ..\obj\usb_dcd_int.o
 .text.DCD_HandleSof_ISR
                0x08005640       0x34 ..\obj\usb_dcd_int.o
 .text.DCD_HandleRxStatusQueueLevel_ISR
                0x08005674      0x104 ..\obj\usb_dcd_int.o
 .text.DCD_WriteEmptyTxFifo
                0x08005778      0x10e ..\obj\usb_dcd_int.o
 *fill*         0x08005886        0x2 
 .text.DCD_HandleUsbReset_ISR
                0x08005888      0x138 ..\obj\usb_dcd_int.o
 .text.DCD_HandleEnumDone_ISR
                0x080059c0       0x78 ..\obj\usb_dcd_int.o
 .text.DCD_IsoINIncomplete_ISR
                0x08005a38       0x34 ..\obj\usb_dcd_int.o
 .text.DCD_IsoOUTIncomplete_ISR
                0x08005a6c       0x34 ..\obj\usb_dcd_int.o
 .text.DCD_ReadDevInEP
                0x08005aa0       0x4e ..\obj\usb_dcd_int.o
 *fill*         0x08005aee        0x2 
 .text.usbd_cdc_Init
                0x08005af0       0x84 ..\obj\usbd_cdc_core.o
 .text.usbd_cdc_DeInit
                0x08005b74       0x38 ..\obj\usbd_cdc_core.o
 .text.usbd_cdc_Setup
                0x08005bac      0x128 ..\obj\usbd_cdc_core.o
 .text.usbd_cdc_EP0_RxReady
                0x08005cd4       0x40 ..\obj\usbd_cdc_core.o
 .text.usbd_cdc_DataIn
                0x08005d14       0xc4 ..\obj\usbd_cdc_core.o
 .text.usbd_cdc_DataOut
                0x08005dd8       0x54 ..\obj\usbd_cdc_core.o
 .text.usbd_cdc_SOF
                0x08005e2c       0x30 ..\obj\usbd_cdc_core.o
 .text.Handle_USBAsynchXfer
                0x08005e5c      0x104 ..\obj\usbd_cdc_core.o
 .text.USBD_cdc_GetCfgDesc
                0x08005f60       0x24 ..\obj\usbd_cdc_core.o
 .text.NVIC_PriorityGroupConfig
                0x08005f84       0x24 ..\obj\misc.o
                0x08005f84                NVIC_PriorityGroupConfig
 .text.NVIC_Init
                0x08005fa8       0xc4 ..\obj\misc.o
                0x08005fa8                NVIC_Init
 .text.DCD_Init
                0x0800606c      0x102 ..\obj\usb_dcd.o
                0x0800606c                DCD_Init
 .text.DCD_EP_Open
                0x0800616e       0xac ..\obj\usb_dcd.o
                0x0800616e                DCD_EP_Open
 .text.DCD_EP_Close
                0x0800621a       0x74 ..\obj\usb_dcd.o
                0x0800621a                DCD_EP_Close
 .text.DCD_EP_PrepareRx
                0x0800628e       0x82 ..\obj\usb_dcd.o
                0x0800628e                DCD_EP_PrepareRx
 .text.DCD_EP_Tx
                0x08006310       0x76 ..\obj\usb_dcd.o
                0x08006310                DCD_EP_Tx
 .text.DCD_EP_Stall
                0x08006386       0x76 ..\obj\usb_dcd.o
                0x08006386                DCD_EP_Stall
 .text.DCD_EP_ClrStall
                0x080063fc       0x76 ..\obj\usb_dcd.o
                0x080063fc                DCD_EP_ClrStall
 .text.DCD_EP_SetAddress
                0x08006472       0x3a ..\obj\usb_dcd.o
                0x08006472                DCD_EP_SetAddress
 .text.USBD_CtlSendData
                0x080064ac       0x40 ..\obj\usbd_ioreq.o
                0x080064ac                USBD_CtlSendData
 .text.USBD_CtlContinueSendData
                0x080064ec       0x28 ..\obj\usbd_ioreq.o
                0x080064ec                USBD_CtlContinueSendData
 .text.USBD_CtlPrepareRx
                0x08006514       0x40 ..\obj\usbd_ioreq.o
                0x08006514                USBD_CtlPrepareRx
 .text.USBD_CtlContinueRx
                0x08006554       0x28 ..\obj\usbd_ioreq.o
                0x08006554                USBD_CtlContinueRx
 .text.USBD_CtlSendStatus
                0x0800657c       0x30 ..\obj\usbd_ioreq.o
                0x0800657c                USBD_CtlSendStatus
 .text.USBD_CtlReceiveStatus
                0x080065ac       0x30 ..\obj\usbd_ioreq.o
                0x080065ac                USBD_CtlReceiveStatus
 .text.TIM_TimeBaseInit
                0x080065dc       0xd4 ..\obj\stm32f4xx_tim.o
                0x080065dc                TIM_TimeBaseInit
 .text.TIM_TimeBaseStructInit
                0x080066b0       0x32 ..\obj\stm32f4xx_tim.o
                0x080066b0                TIM_TimeBaseStructInit
 .text.TIM_Cmd  0x080066e2       0x3e ..\obj\stm32f4xx_tim.o
                0x080066e2                TIM_Cmd
 .text.TIM_ITConfig
                0x08006720       0x46 ..\obj\stm32f4xx_tim.o
                0x08006720                TIM_ITConfig
 .text.TIM_GetITStatus
                0x08006766       0x52 ..\obj\stm32f4xx_tim.o
                0x08006766                TIM_GetITStatus
 .text.TIM_ClearITPendingBit
                0x080067b8       0x20 ..\obj\stm32f4xx_tim.o
                0x080067b8                TIM_ClearITPendingBit
 .text.strchr   0x080067d8       0xd0 c:/program files (x86)/gnu arm embedded toolchain/9 2020-q2-update/bin/../lib/gcc/arm-none-eabi/9.3.1/../../../../arm-none-eabi/lib/thumb/v7e-m/nofp\libg.a(lib_a-strchr.o)
                0x080067d8                strchr
 *fill*         0x080068a8       0x18 
 .text          0x080068c0      0x2dc c:/program files (x86)/gnu arm embedded toolchain/9 2020-q2-update/bin/../lib/gcc/arm-none-eabi/9.3.1/../../../../arm-none-eabi/lib/thumb/v7e-m/nofp\libg.a(lib_a-strcmp.o)
                0x080068c8                strcmp
 .text.two_way_long_needle
                0x08006b9c      0x2b4 c:/program files (x86)/gnu arm embedded toolchain/9 2020-q2-update/bin/../lib/gcc/arm-none-eabi/9.3.1/../../../../arm-none-eabi/lib/thumb/v7e-m/nofp\libg.a(lib_a-strstr.o)
 .text.strstr   0x08006e50      0x164 c:/program files (x86)/gnu arm embedded toolchain/9 2020-q2-update/bin/../lib/gcc/arm-none-eabi/9.3.1/../../../../arm-none-eabi/lib/thumb/v7e-m/nofp\libg.a(lib_a-strstr.o)
                0x08006e50                strstr
 .text.memcmp   0x08006fb4       0x60 c:/program files (x86)/gnu arm embedded toolchain/9 2020-q2-update/bin/../lib/gcc/arm-none-eabi/9.3.1/../../../../arm-none-eabi/lib/thumb/v7e-m/nofp\libg.a(lib_a-memcmp.o)
                0x08006fb4                memcmp
 .text.memset   0x08007014       0xa0 c:/program files (x86)/gnu arm embedded toolchain/9 2020-q2-update/bin/../lib/gcc/arm-none-eabi/9.3.1/../../../../arm-none-eabi/lib/thumb/v7e-m/nofp\libg.a(lib_a-memset.o)
                0x08007014                memset
 *fill*         0x080070b4        0xc 
 .text          0x080070c0       0xdc c:/program files (x86)/gnu arm embedded toolchain/9 2020-q2-update/bin/../lib/gcc/arm-none-eabi/9.3.1/../../../../arm-none-eabi/lib/thumb/v7e-m/nofp\libg.a(lib_a-strlen.o)
                0x080070c0                strlen
 .text.strnlen  0x0800719c       0x28 c:/program files (x86)/gnu arm embedded toolchain/9 2020-q2-update/bin/../lib/gcc/arm-none-eabi/9.3.1/../../../../arm-none-eabi/lib/thumb/v7e-m/nofp\libg.a(lib_a-strnlen.o)
                0x0800719c                strnlen
 *(.init)
 *(.fini)
 *crtbegin.o(.ctors)
 *crtbegin?.o(.ctors)
 *(EXCLUDE_FILE(*crtend.o *crtend?.o) .ctors)
 *(SORT_BY_NAME(.ctors.*))
 *(.ctors)
 *crtbegin.o(.dtors)
 *crtbegin?.o(.dtors)
 *(EXCLUDE_FILE(*crtend.o *crtend?.o) .dtors)
 *(SORT_BY_NAME(.dtors.*))
 *(.dtors)
 *(.rodata*)
 .rodata        0x080071c4       0x61 ..\obj\smart_cpu.o
 *fill*         0x08007225        0x3 
 .rodata        0x08007228       0xca ..\obj\command.o
                0x08007228                string1
                0x08007234                string3
 *fill*         0x080072f2        0x2 
 .rodata        0x080072f4       0x83 ..\obj\smart_rele.o
 *fill*         0x08007377        0x1 
 .rodata        0x08007378      0x1e9 ..\obj\main.o
 *fill*         0x08007561        0x3 
 .rodata        0x08007564      0x20a ..\obj\smart_biz.o
 *fill*         0x0800776e        0x2 
 .rodata        0x08007770       0x2f ..\obj\smart_led.o
 *fill*         0x0800779f        0x1 
 .rodata        0x080077a0       0x32 ..\obj\usbd_desc.o
 *(.eh_fram e*)

.glue_7         0x080077d4        0x0
 .glue_7        0x080077d4        0x0 linker stubs

.glue_7t        0x080077d4        0x0
 .glue_7t       0x080077d4        0x0 linker stubs

.vfp11_veneer   0x080077d4        0x0
 .vfp11_veneer  0x080077d4        0x0 linker stubs

.v4_bx          0x080077d4        0x0
 .v4_bx         0x080077d4        0x0 linker stubs

.iplt           0x080077d4        0x0
 .iplt          0x080077d4        0x0 ..\obj\usb_core.o

.rel.dyn        0x080077d4        0x0
 .rel.iplt      0x080077d4        0x0 ..\obj\usb_core.o

.ARM.extab
 *(.ARM.extab* .gnu.linkonce.armextab.*)
                0x080077d2                __exidx_start = .

.ARM.exidx
 *(.ARM.exidx* .gnu.linkonce.armexidx.*)
                0x080077d2                __exidx_end = .
                0x080077d2                __etext = .
                0x080077d2                _sidata = __etext

.data           0x20000000      0x140 load address 0x080077d2
                0x20000000                __data_start__ = .
                0x20000000                _sdata = __data_start__
 *(vtable)
 *(.data*)
 .data          0x20000000       0x1c ..\obj\usbd_usr.o
                0x20000000                USR_cb
 .data          0x2000001c       0x30 ..\obj\usbd_core.o
                0x2000001c                USBD_DCD_INT_cb
                0x20000048                USBD_DCD_INT_fops
 .data          0x2000004c       0x10 ..\obj\stm32f4xx_rcc.o
 .data          0x2000005c       0x40 ..\obj\usbd_desc.o
                0x2000005c                USR_desc
                0x20000078                USBD_DeviceDesc
                0x2000008c                USBD_DeviceQualifierDesc
                0x20000098                USBD_LangIDDesc
 .data          0x2000009c       0x1c ..\obj\usbd_cdc_vcp.o
                0x2000009c                linecoding
                0x200000a4                VCP_fops
 .data          0x200000b8       0x14 ..\obj\system_stm32f4xx.o
                0x200000b8                SystemCoreClock
                0x200000bc                AHBPrescTable
 .data          0x200000cc       0x74 ..\obj\usbd_cdc_core.o
                0x200000cc                usbd_cdc_CfgDesc
                0x20000114                USBD_CDC_cb
                0x20000140                . = ALIGN (0x4)
                [!provide]                PROVIDE (__preinit_array_start = .)
 *(.preinit_array)
                [!provide]                PROVIDE (__preinit_array_end = .)
                0x20000140                . = ALIGN (0x4)
                [!provide]                PROVIDE (__init_array_start = .)
 *(SORT_BY_NAME(.init_array.*))
 *(.init_array)
                [!provide]                PROVIDE (__init_array_end = .)
                0x20000140                . = ALIGN (0x4)
                [!provide]                PROVIDE (__fini_array_start = .)
 *(SORT_BY_NAME(.fini_array.*))
 *(.fini_array)
                [!provide]                PROVIDE (__fini_array_end = .)
 *(.jcr*)
                0x20000140                . = ALIGN (0x4)
                0x20000140                __data_end__ = .
                0x20000140                _edata = __data_end__

.igot.plt       0x20000140        0x0 load address 0x08007914
 .igot.plt      0x20000140        0x0 ..\obj\usb_core.o

.bss            0x20000140     0x1748 load address 0x08007914
                0x20000140                . = ALIGN (0x4)
                0x20000140                __bss_start__ = .
                0x20000140                _sbss = __bss_start__
 *(.bss*)
 .bss           0x20000140       0x54 ..\obj\command.o
                0x20000140                RX_BUF
                0x20000190                tail
                0x20000191                imass
                0x20000192                num_mass
                0x20000193                num_device
 .bss           0x20000194        0xd ..\obj\usbd_req.o
                0x20000194                USBD_ep_status
                0x20000198                USBD_default_cfg
                0x2000019c                USBD_cfg_status
 *fill*         0x200001a1        0x3 
 .bss           0x200001a4       0x1c ..\obj\usbd_cdc_core.o
                0x200001a8                APP_Rx_ptr_in
                0x200001ac                APP_Rx_ptr_out
                0x200001b0                APP_Rx_length
                0x200001b4                USB_Tx_State
 *(COMMON)
 COMMON         0x200001c0        0x4 ..\obj\delay.o
                0x200001c0                msTick
 COMMON         0x200001c4      0x5f4 ..\obj\stm32_ub_usb_cdc.o
                0x200001c4                USB_CDC_STATUS
                0x200001c8                USB_OTG_dev
 COMMON         0x200007b8      0x432 ..\obj\smart_cpu.o
                0x200007b8                buffer_command
                0x200007e0                check
                0x200007e4                buf_Rx
                0x200009e4                time
                0x200009e8                buf
                0x20000be8                pnt
                0x20000be9                check_button
 *fill*         0x20000bea        0x2 
 COMMON         0x20000bec      0x1d0 ..\obj\command.o
                0x20000bec                string_out
                0x20000c14                string2
                0x20000c28                RXc
                0x20000c29                RXi
                0x20000c2c                mass
 COMMON         0x20000dbc      0x20c ..\obj\usbd_cdc_vcp.o
                0x20000dbc                APP_tx_end_cmd
                0x20000dc0                APP_Tx_Buffer
                0x20000fc0                APP_tx_ptr_tail
                0x20000fc4                APP_tx_ptr_head
 COMMON         0x20000fc8       0x32 ..\obj\usbd_req.o
                0x20000fc8                USBD_StrDesc
 *fill*         0x20000ffa        0x2 
 COMMON         0x20000ffc      0x88b ..\obj\usbd_cdc_core.o
                0x20000ffc                usbd_cdc_OtherCfgDesc
                0x20001040                USB_Rx_Buffer
                0x20001080                CmdBuff
                0x20001088                APP_Rx_Buffer
                0x20001888                . = ALIGN (0x4)
 *fill*         0x20001887        0x1 
                0x20001888                __bss_end__ = .
                0x20001888                _ebss = __bss_end__

.heap           0x20001888        0x0
                0x20001888                __end__ = .
                0x20001888                _end = __end__
                0x20001888                end = __end__
 *(.heap*)
                0x20001888                __HeapLimit = .

.co_stack       0x20001888      0x800 load address 0x0800905c
                0x20001888                . = ALIGN (0x8)
 *(.co_stack .co_stack.*)
 .co_stack      0x20001888      0x800 ..\obj\startup_stm32f4xx.o
                0x20001888                pulStack
                0x20020000                __StackTop = (ORIGIN (ram) + LENGTH (ram))
                0x2001f800                __StackLimit = (__StackTop - SIZEOF (.co_stack))
                [!provide]                PROVIDE (__stack = __StackTop)
                0x00000001                ASSERT ((__StackLimit >= __HeapLimit), region ram  overflowed with stack)
LOAD ..\obj\usb_core.o
LOAD ..\obj\delay.o
LOAD ..\obj\stm32_ub_usb_cdc.o
LOAD ..\obj\smart_cpu.o
LOAD ..\obj\usbd_usr.o
LOAD ..\obj\command.o
LOAD ..\obj\smart_rele.o
LOAD ..\obj\stm32f4xx_usart.o
LOAD ..\obj\startup_stm32f4xx.o
LOAD ..\obj\usbd_core.o
LOAD ..\obj\main.o
LOAD ..\obj\smart_biz.o
LOAD ..\obj\stm32f4xx_rcc.o
LOAD ..\obj\smart_led.o
LOAD ..\obj\smart_oled.o
LOAD ..\obj\usbd_desc.o
LOAD ..\obj\stm32f4xx_gpio.o
LOAD ..\obj\usbd_cdc_vcp.o
LOAD ..\obj\system_stm32f4xx.o
LOAD ..\obj\syscalls.o
LOAD ..\obj\usb_bsp.o
LOAD ..\obj\usbd_req.o
LOAD ..\obj\usb_dcd_int.o
LOAD ..\obj\usbd_cdc_core.o
LOAD ..\obj\smart_wrele.o
LOAD ..\obj\misc.o
LOAD ..\obj\usb_dcd.o
LOAD ..\obj\usbd_ioreq.o
LOAD ..\obj\stm32f4xx_tim.o
START GROUP
LOAD c:/program files (x86)/gnu arm embedded toolchain/9 2020-q2-update/bin/../lib/gcc/arm-none-eabi/9.3.1/thumb/v7e-m/nofp\libgcc.a
LOAD c:/program files (x86)/gnu arm embedded toolchain/9 2020-q2-update/bin/../lib/gcc/arm-none-eabi/9.3.1/../../../../arm-none-eabi/lib/thumb/v7e-m/nofp\libg.a
LOAD c:/program files (x86)/gnu arm embedded toolchain/9 2020-q2-update/bin/../lib/gcc/arm-none-eabi/9.3.1/../../../../arm-none-eabi/lib/thumb/v7e-m/nofp\libc.a
END GROUP
OUTPUT(ERIS_STAND_DOUBLE.elf elf32-littlearm)
LOAD linker stubs

.debug_info     0x00000000    0x1847e
 .debug_info    0x00000000     0x2783 ..\obj\usb_core.o
 .debug_info    0x00002783      0x71f ..\obj\delay.o
 .debug_info    0x00002ea2      0xe23 ..\obj\stm32_ub_usb_cdc.o
 .debug_info    0x00003cc5      0xef4 ..\obj\smart_cpu.o
 .debug_info    0x00004bb9      0x50e ..\obj\usbd_usr.o
 .debug_info    0x000050c7     0x1d7a ..\obj\command.o
 .debug_info    0x00006e41      0xef4 ..\obj\smart_rele.o
 .debug_info    0x00007d35      0xa68 ..\obj\stm32f4xx_usart.o
 .debug_info    0x0000879d      0x11f ..\obj\startup_stm32f4xx.o
 .debug_info    0x000088bc      0xff6 ..\obj\usbd_core.o
 .debug_info    0x000098b2     0x111e ..\obj\main.o
 .debug_info    0x0000a9d0      0xef4 ..\obj\smart_biz.o
 .debug_info    0x0000b8c4      0xd26 ..\obj\stm32f4xx_rcc.o
 .debug_info    0x0000c5ea      0xf12 ..\obj\smart_led.o
 .debug_info    0x0000d4fc      0x3e0 ..\obj\usbd_desc.o
 .debug_info    0x0000d8dc      0x67c ..\obj\stm32f4xx_gpio.o
 .debug_info    0x0000df58      0x923 ..\obj\usbd_cdc_vcp.o
 .debug_info    0x0000e87b      0x61f ..\obj\system_stm32f4xx.o
 .debug_info    0x0000ee9a     0x10d5 ..\obj\usb_bsp.o
 .debug_info    0x0000ff6f     0x1134 ..\obj\usbd_req.o
 .debug_info    0x000110a3     0x20e0 ..\obj\usb_dcd_int.o
 .debug_info    0x00013183     0x1072 ..\obj\usbd_cdc_core.o
 .debug_info    0x000141f5      0x592 ..\obj\misc.o
 .debug_info    0x00014787     0x1130 ..\obj\usb_dcd.o
 .debug_info    0x000158b7      0xda1 ..\obj\usbd_ioreq.o
 .debug_info    0x00016658     0x1e26 ..\obj\stm32f4xx_tim.o

.debug_abbrev   0x00000000     0x37d6
 .debug_abbrev  0x00000000      0x379 ..\obj\usb_core.o
 .debug_abbrev  0x00000379      0x1db ..\obj\delay.o
 .debug_abbrev  0x00000554      0x20b ..\obj\stm32_ub_usb_cdc.o
 .debug_abbrev  0x0000075f      0x24e ..\obj\smart_cpu.o
 .debug_abbrev  0x000009ad      0x162 ..\obj\usbd_usr.o
 .debug_abbrev  0x00000b0f      0x3fa ..\obj\command.o
 .debug_abbrev  0x00000f09      0x24e ..\obj\smart_rele.o
 .debug_abbrev  0x00001157      0x1a8 ..\obj\stm32f4xx_usart.o
 .debug_abbrev  0x000012ff       0xcd ..\obj\startup_stm32f4xx.o
 .debug_abbrev  0x000013cc      0x21e ..\obj\usbd_core.o
 .debug_abbrev  0x000015ea      0x268 ..\obj\main.o
 .debug_abbrev  0x00001852      0x24e ..\obj\smart_biz.o
 .debug_abbrev  0x00001aa0      0x226 ..\obj\stm32f4xx_rcc.o
 .debug_abbrev  0x00001cc6      0x26a ..\obj\smart_led.o
 .debug_abbrev  0x00001f30      0x12d ..\obj\usbd_desc.o
 .debug_abbrev  0x0000205d      0x1e6 ..\obj\stm32f4xx_gpio.o
 .debug_abbrev  0x00002243      0x253 ..\obj\usbd_cdc_vcp.o
 .debug_abbrev  0x00002496      0x178 ..\obj\system_stm32f4xx.o
 .debug_abbrev  0x0000260e      0x241 ..\obj\usb_bsp.o
 .debug_abbrev  0x0000284f      0x2d1 ..\obj\usbd_req.o
 .debug_abbrev  0x00002b20      0x2d7 ..\obj\usb_dcd_int.o
 .debug_abbrev  0x00002df7      0x25d ..\obj\usbd_cdc_core.o
 .debug_abbrev  0x00003054      0x196 ..\obj\misc.o
 .debug_abbrev  0x000031ea      0x264 ..\obj\usb_dcd.o
 .debug_abbrev  0x0000344e      0x1c6 ..\obj\usbd_ioreq.o
 .debug_abbrev  0x00003614      0x1c2 ..\obj\stm32f4xx_tim.o

.debug_aranges  0x00000000      0xe50
 .debug_aranges
                0x00000000      0x138 ..\obj\usb_core.o
 .debug_aranges
                0x00000138       0x40 ..\obj\delay.o
 .debug_aranges
                0x00000178       0x40 ..\obj\stm32_ub_usb_cdc.o
 .debug_aranges
                0x000001b8       0x28 ..\obj\smart_cpu.o
 .debug_aranges
                0x000001e0       0x50 ..\obj\usbd_usr.o
 .debug_aranges
                0x00000230      0x108 ..\obj\command.o
 .debug_aranges
                0x00000338       0x28 ..\obj\smart_rele.o
 .debug_aranges
                0x00000360      0x100 ..\obj\stm32f4xx_usart.o
 .debug_aranges
                0x00000460       0x28 ..\obj\startup_stm32f4xx.o
 .debug_aranges
                0x00000488       0x90 ..\obj\usbd_core.o
 .debug_aranges
                0x00000518       0x28 ..\obj\main.o
 .debug_aranges
                0x00000540       0x28 ..\obj\smart_biz.o
 .debug_aranges
                0x00000568      0x178 ..\obj\stm32f4xx_rcc.o
 .debug_aranges
                0x000006e0       0x28 ..\obj\smart_led.o
 .debug_aranges
                0x00000708       0x50 ..\obj\usbd_desc.o
 .debug_aranges
                0x00000758       0x88 ..\obj\stm32f4xx_gpio.o
 .debug_aranges
                0x000007e0       0x80 ..\obj\usbd_cdc_vcp.o
 .debug_aranges
                0x00000860       0x30 ..\obj\system_stm32f4xx.o
 .debug_aranges
                0x00000890       0x40 ..\obj\usb_bsp.o
 .debug_aranges
                0x000008d0       0x88 ..\obj\usbd_req.o
 .debug_aranges
                0x00000958       0x90 ..\obj\usb_dcd_int.o
 .debug_aranges
                0x000009e8       0x60 ..\obj\usbd_cdc_core.o
 .debug_aranges
                0x00000a48       0x40 ..\obj\misc.o
 .debug_aranges
                0x00000a88       0x80 ..\obj\usb_dcd.o
 .debug_aranges
                0x00000b08       0x50 ..\obj\usbd_ioreq.o
 .debug_aranges
                0x00000b58      0x2f8 ..\obj\stm32f4xx_tim.o

.debug_ranges   0x00000000      0xcb0
 .debug_ranges  0x00000000      0x128 ..\obj\usb_core.o
 .debug_ranges  0x00000128       0x30 ..\obj\delay.o
 .debug_ranges  0x00000158       0x30 ..\obj\stm32_ub_usb_cdc.o
 .debug_ranges  0x00000188       0x18 ..\obj\smart_cpu.o
 .debug_ranges  0x000001a0       0x40 ..\obj\usbd_usr.o
 .debug_ranges  0x000001e0       0xf8 ..\obj\command.o
 .debug_ranges  0x000002d8       0x18 ..\obj\smart_rele.o
 .debug_ranges  0x000002f0       0xf0 ..\obj\stm32f4xx_usart.o
 .debug_ranges  0x000003e0       0x18 ..\obj\startup_stm32f4xx.o
 .debug_ranges  0x000003f8       0x80 ..\obj\usbd_core.o
 .debug_ranges  0x00000478       0x18 ..\obj\main.o
 .debug_ranges  0x00000490       0x18 ..\obj\smart_biz.o
 .debug_ranges  0x000004a8      0x168 ..\obj\stm32f4xx_rcc.o
 .debug_ranges  0x00000610       0x18 ..\obj\smart_led.o
 .debug_ranges  0x00000628       0x40 ..\obj\usbd_desc.o
 .debug_ranges  0x00000668       0x78 ..\obj\stm32f4xx_gpio.o
 .debug_ranges  0x000006e0       0x70 ..\obj\usbd_cdc_vcp.o
 .debug_ranges  0x00000750       0x20 ..\obj\system_stm32f4xx.o
 .debug_ranges  0x00000770       0x30 ..\obj\usb_bsp.o
 .debug_ranges  0x000007a0       0x78 ..\obj\usbd_req.o
 .debug_ranges  0x00000818       0x80 ..\obj\usb_dcd_int.o
 .debug_ranges  0x00000898       0x50 ..\obj\usbd_cdc_core.o
 .debug_ranges  0x000008e8       0x30 ..\obj\misc.o
 .debug_ranges  0x00000918       0x70 ..\obj\usb_dcd.o
 .debug_ranges  0x00000988       0x40 ..\obj\usbd_ioreq.o
 .debug_ranges  0x000009c8      0x2e8 ..\obj\stm32f4xx_tim.o

.debug_line     0x00000000     0x981d
 .debug_line    0x00000000      0xe72 ..\obj\usb_core.o
 .debug_line    0x00000e72      0x29f ..\obj\delay.o
 .debug_line    0x00001111      0x361 ..\obj\stm32_ub_usb_cdc.o
 .debug_line    0x00001472      0x4bd ..\obj\smart_cpu.o
 .debug_line    0x0000192f      0x2e9 ..\obj\usbd_usr.o
 .debug_line    0x00001c18      0xbea ..\obj\command.o
 .debug_line    0x00002802      0x504 ..\obj\smart_rele.o
 .debug_line    0x00002d06      0x75d ..\obj\stm32f4xx_usart.o
 .debug_line    0x00003463       0xba ..\obj\startup_stm32f4xx.o
 .debug_line    0x0000351d      0x550 ..\obj\usbd_core.o
 .debug_line    0x00003a6d      0x68f ..\obj\main.o
 .debug_line    0x000040fc      0x5c2 ..\obj\smart_biz.o
 .debug_line    0x000046be      0x98b ..\obj\stm32f4xx_rcc.o
 .debug_line    0x00005049      0x44e ..\obj\smart_led.o
 .debug_line    0x00005497      0x2a0 ..\obj\usbd_desc.o
 .debug_line    0x00005737      0x51e ..\obj\stm32f4xx_gpio.o
 .debug_line    0x00005c55      0x616 ..\obj\usbd_cdc_vcp.o
 .debug_line    0x0000626b      0x31b ..\obj\system_stm32f4xx.o
 .debug_line    0x00006586      0x2fd ..\obj\usb_bsp.o
 .debug_line    0x00006883      0x72e ..\obj\usbd_req.o
 .debug_line    0x00006fb1      0x7a2 ..\obj\usb_dcd_int.o
 .debug_line    0x00007753      0x473 ..\obj\usbd_cdc_core.o
 .debug_line    0x00007bc6      0x319 ..\obj\misc.o
 .debug_line    0x00007edf      0x526 ..\obj\usb_dcd.o
 .debug_line    0x00008405      0x2d1 ..\obj\usbd_ioreq.o
 .debug_line    0x000086d6     0x1147 ..\obj\stm32f4xx_tim.o

.debug_str      0x00000000     0x4f6e
 .debug_str     0x00000000     0x136e ..\obj\usb_core.o
                               0x16d4 (size before relaxing)
 .debug_str     0x0000136e      0x666 ..\obj\delay.o
                                0x803 (size before relaxing)
 .debug_str     0x000019d4      0x20e ..\obj\stm32_ub_usb_cdc.o
                                0xb3b (size before relaxing)
 .debug_str     0x00001be2      0x482 ..\obj\smart_cpu.o
                                0x98f (size before relaxing)
 .debug_str     0x00002064       0xe9 ..\obj\usbd_usr.o
                                0x591 (size before relaxing)
 .debug_str     0x0000214d      0x5d6 ..\obj\command.o
                               0x1492 (size before relaxing)
 .debug_str     0x00002723       0x5c ..\obj\smart_rele.o
                                0x993 (size before relaxing)
 .debug_str     0x0000277f      0x42a ..\obj\stm32f4xx_usart.o
                                0x6cd (size before relaxing)
 .debug_str     0x00002ba9       0xbf ..\obj\startup_stm32f4xx.o
                                0x194 (size before relaxing)
 .debug_str     0x00002c68      0x19f ..\obj\usbd_core.o
                                0xb40 (size before relaxing)
 .debug_str     0x00002e07       0x45 ..\obj\main.o
                                0xa62 (size before relaxing)
 .debug_str     0x00002e4c       0x58 ..\obj\smart_biz.o
                                0x98f (size before relaxing)
 .debug_str     0x00002ea4      0x5c6 ..\obj\stm32f4xx_rcc.o
                                0x88e (size before relaxing)
 .debug_str     0x0000346a       0x58 ..\obj\smart_led.o
                                0x98f (size before relaxing)
 .debug_str     0x000034c2      0x11a ..\obj\usbd_desc.o
                                0x3fb (size before relaxing)
 .debug_str     0x000035dc      0x1a0 ..\obj\stm32f4xx_gpio.o
                                0x4e1 (size before relaxing)
 .debug_str     0x0000377c      0x20c ..\obj\usbd_cdc_vcp.o
                                0x6da (size before relaxing)
 .debug_str     0x00003988       0xb1 ..\obj\system_stm32f4xx.o
                                0x3d8 (size before relaxing)
 .debug_str     0x00003a39      0x152 ..\obj\usb_bsp.o
                               0x1109 (size before relaxing)
 .debug_str     0x00003b8b      0x17b ..\obj\usbd_req.o
                                0xb9d (size before relaxing)
 .debug_str     0x00003d06      0x354 ..\obj\usb_dcd_int.o
                               0x13ad (size before relaxing)
 .debug_str     0x0000405a      0x199 ..\obj\usbd_cdc_core.o
                                0xbb8 (size before relaxing)
 .debug_str     0x000041f3      0x110 ..\obj\misc.o
                                0x40c (size before relaxing)
 .debug_str     0x00004303      0x117 ..\obj\usb_dcd.o
                                0xb74 (size before relaxing)
 .debug_str     0x0000441a       0xd1 ..\obj\usbd_ioreq.o
                                0xa03 (size before relaxing)
 .debug_str     0x000044eb      0xa83 ..\obj\stm32f4xx_tim.o
                                0xe0e (size before relaxing)

.comment        0x00000000       0x4c
 .comment       0x00000000       0x4c ..\obj\usb_core.o
                                 0x4d (size before relaxing)
 .comment       0x0000004c       0x4d ..\obj\delay.o
 .comment       0x0000004c       0x4d ..\obj\stm32_ub_usb_cdc.o
 .comment       0x0000004c       0x4d ..\obj\smart_cpu.o
 .comment       0x0000004c       0x4d ..\obj\usbd_usr.o
 .comment       0x0000004c       0x4d ..\obj\command.o
 .comment       0x0000004c       0x4d ..\obj\smart_rele.o
 .comment       0x0000004c       0x4d ..\obj\stm32f4xx_usart.o
 .comment       0x0000004c       0x4d ..\obj\startup_stm32f4xx.o
 .comment       0x0000004c       0x4d ..\obj\usbd_core.o
 .comment       0x0000004c       0x4d ..\obj\main.o
 .comment       0x0000004c       0x4d ..\obj\smart_biz.o
 .comment       0x0000004c       0x4d ..\obj\stm32f4xx_rcc.o
 .comment       0x0000004c       0x4d ..\obj\smart_led.o
 .comment       0x0000004c       0x4d ..\obj\usbd_desc.o
 .comment       0x0000004c       0x4d ..\obj\stm32f4xx_gpio.o
 .comment       0x0000004c       0x4d ..\obj\usbd_cdc_vcp.o
 .comment       0x0000004c       0x4d ..\obj\system_stm32f4xx.o
 .comment       0x0000004c       0x4d ..\obj\usb_bsp.o
 .comment       0x0000004c       0x4d ..\obj\usbd_req.o
 .comment       0x0000004c       0x4d ..\obj\usb_dcd_int.o
 .comment       0x0000004c       0x4d ..\obj\usbd_cdc_core.o
 .comment       0x0000004c       0x4d ..\obj\misc.o
 .comment       0x0000004c       0x4d ..\obj\usb_dcd.o
 .comment       0x0000004c       0x4d ..\obj\usbd_ioreq.o
 .comment       0x0000004c       0x4d ..\obj\stm32f4xx_tim.o

.ARM.attributes
                0x00000000       0x2c
 .ARM.attributes
                0x00000000       0x2e ..\obj\usb_core.o
 .ARM.attributes
                0x0000002e       0x2e ..\obj\delay.o
 .ARM.attributes
                0x0000005c       0x2e ..\obj\stm32_ub_usb_cdc.o
 .ARM.attributes
                0x0000008a       0x2e ..\obj\smart_cpu.o
 .ARM.attributes
                0x000000b8       0x2e ..\obj\usbd_usr.o
 .ARM.attributes
                0x000000e6       0x2e ..\obj\command.o
 .ARM.attributes
                0x00000114       0x2e ..\obj\smart_rele.o
 .ARM.attributes
                0x00000142       0x2e ..\obj\stm32f4xx_usart.o
 .ARM.attributes
                0x00000170       0x2e ..\obj\startup_stm32f4xx.o
 .ARM.attributes
                0x0000019e       0x2e ..\obj\usbd_core.o
 .ARM.attributes
                0x000001cc       0x2e ..\obj\main.o
 .ARM.attributes
                0x000001fa       0x2e ..\obj\smart_biz.o
 .ARM.attributes
                0x00000228       0x2e ..\obj\stm32f4xx_rcc.o
 .ARM.attributes
                0x00000256       0x2e ..\obj\smart_led.o
 .ARM.attributes
                0x00000284       0x2e ..\obj\usbd_desc.o
 .ARM.attributes
                0x000002b2       0x2e ..\obj\stm32f4xx_gpio.o
 .ARM.attributes
                0x000002e0       0x2e ..\obj\usbd_cdc_vcp.o
 .ARM.attributes
                0x0000030e       0x2e ..\obj\system_stm32f4xx.o
 .ARM.attributes
                0x0000033c       0x2e ..\obj\usb_bsp.o
 .ARM.attributes
                0x0000036a       0x2e ..\obj\usbd_req.o
 .ARM.attributes
                0x00000398       0x2e ..\obj\usb_dcd_int.o
 .ARM.attributes
                0x000003c6       0x2e ..\obj\usbd_cdc_core.o
 .ARM.attributes
                0x000003f4       0x2e ..\obj\misc.o
 .ARM.attributes
                0x00000422       0x2e ..\obj\usb_dcd.o
 .ARM.attributes
                0x00000450       0x2e ..\obj\usbd_ioreq.o
 .ARM.attributes
                0x0000047e       0x2e ..\obj\stm32f4xx_tim.o
 .ARM.attributes
                0x000004ac       0x2e c:/program files (x86)/gnu arm embedded toolchain/9 2020-q2-update/bin/../lib/gcc/arm-none-eabi/9.3.1/../../../../arm-none-eabi/lib/thumb/v7e-m/nofp\libg.a(lib_a-strchr.o)
 .ARM.attributes
                0x000004da       0x1c c:/program files (x86)/gnu arm embedded toolchain/9 2020-q2-update/bin/../lib/gcc/arm-none-eabi/9.3.1/../../../../arm-none-eabi/lib/thumb/v7e-m/nofp\libg.a(lib_a-strcmp.o)
 .ARM.attributes
                0x000004f6       0x2e c:/program files (x86)/gnu arm embedded toolchain/9 2020-q2-update/bin/../lib/gcc/arm-none-eabi/9.3.1/../../../../arm-none-eabi/lib/thumb/v7e-m/nofp\libg.a(lib_a-strstr.o)
 .ARM.attributes
                0x00000524       0x2e c:/program files (x86)/gnu arm embedded toolchain/9 2020-q2-update/bin/../lib/gcc/arm-none-eabi/9.3.1/../../../../arm-none-eabi/lib/thumb/v7e-m/nofp\libg.a(lib_a-memcmp.o)
 .ARM.attributes
                0x00000552       0x2e c:/program files (x86)/gnu arm embedded toolchain/9 2020-q2-update/bin/../lib/gcc/arm-none-eabi/9.3.1/../../../../arm-none-eabi/lib/thumb/v7e-m/nofp\libg.a(lib_a-memset.o)
 .ARM.attributes
                0x00000580       0x1c c:/program files (x86)/gnu arm embedded toolchain/9 2020-q2-update/bin/../lib/gcc/arm-none-eabi/9.3.1/../../../../arm-none-eabi/lib/thumb/v7e-m/nofp\libg.a(lib_a-strlen.o)
 .ARM.attributes
                0x0000059c       0x2e c:/program files (x86)/gnu arm embedded toolchain/9 2020-q2-update/bin/../lib/gcc/arm-none-eabi/9.3.1/../../../../arm-none-eabi/lib/thumb/v7e-m/nofp\libg.a(lib_a-strnlen.o)

.debug_frame    0x00000000     0x3bb0
 .debug_frame   0x00000000      0x584 ..\obj\usb_core.o
 .debug_frame   0x00000584       0xc8 ..\obj\delay.o
 .debug_frame   0x0000064c       0xc0 ..\obj\stm32_ub_usb_cdc.o
 .debug_frame   0x0000070c       0x4c ..\obj\smart_cpu.o
 .debug_frame   0x00000758       0xf8 ..\obj\usbd_usr.o
 .debug_frame   0x00000850      0x430 ..\obj\command.o
 .debug_frame   0x00000c80       0x4c ..\obj\smart_rele.o
 .debug_frame   0x00000ccc      0x490 ..\obj\stm32f4xx_usart.o
 .debug_frame   0x0000115c       0x4c ..\obj\startup_stm32f4xx.o
 .debug_frame   0x000011a8      0x230 ..\obj\usbd_core.o
 .debug_frame   0x000013d8       0x48 ..\obj\main.o
 .debug_frame   0x00001420       0x4c ..\obj\smart_biz.o
 .debug_frame   0x0000146c      0x6d4 ..\obj\stm32f4xx_rcc.o
 .debug_frame   0x00001b40       0x54 ..\obj\smart_led.o
 .debug_frame   0x00001b94      0x114 ..\obj\usbd_desc.o
 .debug_frame   0x00001ca8      0x23c ..\obj\stm32f4xx_gpio.o
 .debug_frame   0x00001ee4      0x200 ..\obj\usbd_cdc_vcp.o
 .debug_frame   0x000020e4       0x7c ..\obj\system_stm32f4xx.o
 .debug_frame   0x00002160       0xc0 ..\obj\usb_bsp.o
 .debug_frame   0x00002220      0x210 ..\obj\usbd_req.o
 .debug_frame   0x00002430      0x230 ..\obj\usb_dcd_int.o
 .debug_frame   0x00002660      0x158 ..\obj\usbd_cdc_core.o
 .debug_frame   0x000027b8       0xd8 ..\obj\misc.o
 .debug_frame   0x00002890      0x1e8 ..\obj\usb_dcd.o
 .debug_frame   0x00002a78      0x110 ..\obj\usbd_ioreq.o
 .debug_frame   0x00002b88      0xe54 ..\obj\stm32f4xx_tim.o
 .debug_frame   0x000039dc       0x40 c:/program files (x86)/gnu arm embedded toolchain/9 2020-q2-update/bin/../lib/gcc/arm-none-eabi/9.3.1/../../../../arm-none-eabi/lib/thumb/v7e-m/nofp\libg.a(lib_a-strchr.o)
 .debug_frame   0x00003a1c       0x68 c:/program files (x86)/gnu arm embedded toolchain/9 2020-q2-update/bin/../lib/gcc/arm-none-eabi/9.3.1/../../../../arm-none-eabi/lib/thumb/v7e-m/nofp\libg.a(lib_a-strcmp.o)
 .debug_frame   0x00003a84       0x88 c:/program files (x86)/gnu arm embedded toolchain/9 2020-q2-update/bin/../lib/gcc/arm-none-eabi/9.3.1/../../../../arm-none-eabi/lib/thumb/v7e-m/nofp\libg.a(lib_a-strstr.o)
 .debug_frame   0x00003b0c       0x3c c:/program files (x86)/gnu arm embedded toolchain/9 2020-q2-update/bin/../lib/gcc/arm-none-eabi/9.3.1/../../../../arm-none-eabi/lib/thumb/v7e-m/nofp\libg.a(lib_a-memcmp.o)
 .debug_frame   0x00003b48       0x38 c:/program files (x86)/gnu arm embedded toolchain/9 2020-q2-update/bin/../lib/gcc/arm-none-eabi/9.3.1/../../../../arm-none-eabi/lib/thumb/v7e-m/nofp\libg.a(lib_a-memset.o)
 .debug_frame   0x00003b80       0x30 c:/program files (x86)/gnu arm embedded toolchain/9 2020-q2-update/bin/../lib/gcc/arm-none-eabi/9.3.1/../../../../arm-none-eabi/lib/thumb/v7e-m/nofp\libg.a(lib_a-strnlen.o)
